33f80000 T _start
33f80020 t _undefined_instruction
33f80024 t _software_interrupt
33f80028 t _prefetch_abort
33f8002c t _data_abort
33f80030 t _not_used
33f80034 t _irq
33f80038 t _fiq
33f80040 t _TEXT_BASE
33f80044 T _armboot_start
33f80048 T _bss_start
33f8004c T _bss_end
33f80050 T IRQ_STACK_START
33f80054 T FIQ_STACK_START
33f80058 t start_code
33f80124 t nand1
33f80130 t nand2
33f80168 t bad_nand_read
33f80168 t loop2
33f8016c t ok_nand_read
33f80178 t go_next
33f80194 t loop3
33f80194 t notmatch
33f80198 t relocate
33f801bc t copy_loop
33f801cc t stack_setup
33f801e0 t clear_bss
33f801ec t clbss_l
33f80200 t _start_armboot
33f80204 t DW_STACK_START
33f80208 t cpu_init_crit
33f80240 t undefined_instruction
33f802a0 t software_interrupt
33f80300 t prefetch_abort
33f80360 t data_abort
33f803c0 t not_used
33f80420 t irq
33f80434 t int_return
33f80440 t fiq
33f80480 t LED_on
33f804a8 t led_loop
33f80500 t _TEXT_BASE
33f80504 T lowlevel_init
33f80530 t SMRDATA
33f80564 t nand_wait
33f80578 t is_bad_block
33f80640 T nand_read_ll
33f80868 T __coloured_LED_init
33f80868 W coloured_LED_init
33f8086c T __red_LED_on
33f8086c W red_LED_on
33f80870 T __red_LED_off
33f80870 W red_LED_off
33f80874 T __green_LED_on
33f80874 W green_LED_on
33f80878 T __green_LED_off
33f80878 W green_LED_off
33f8087c T __yellow_LED_on
33f8087c W yellow_LED_on
33f80880 T __yellow_LED_off
33f80880 W yellow_LED_off
33f80884 T __blue_LED_on
33f80884 W blue_LED_on
33f80888 T __blue_LED_off
33f80888 W blue_LED_off
33f8088c t init_baudrate
33f808a8 T hang
33f808b8 t display_banner
33f808d8 t display_dram_config
33f8091c t init_func_i2c
33f80950 T start_armboot
33f80ac8 T enable_interrupts
33f80ad8 T disable_interrupts
33f80af4 T show_regs
33f80c34 T bad_mode
33f80c50 T do_fiq
33f80c74 T do_not_used
33f80c98 T do_data_abort
33f80cbc T do_prefetch_abort
33f80ce0 T do_software_interrupt
33f80d04 T do_undefined_instruction
33f80d28 T interrupt_init
33f80d5c W cpu_eth_init
33f80d5c t __def_eth_init
33f80d64 T eth_get_dev
33f80d74 T eth_get_dev_by_index
33f80db4 T eth_get_dev_index
33f80e00 T eth_halt
33f80e34 T eth_send
33f80e68 T eth_rx
33f80e94 T eth_get_name
33f80eb4 T eth_get_dev_by_name
33f80f08 T eth_set_current
33f80fac T eth_try_another
33f8105c T eth_register
33f810e8 T eth_setenv_enetaddr
33f81120 T eth_parse_enetaddr
33f8117c T eth_getenv_enetaddr
33f811d4 T eth_getenv_enetaddr_by_index
33f81220 T eth_init
33f812dc T eth_initialize
33f814ac t __fswab16
33f814c0 t startAgainTimeout
33f814d4 t startAgainHandler
33f814d8 T NetSetHandler
33f814e8 T NetCksum
33f81530 T NetCksumOk
33f81554 T copy_filename
33f815ac T string_to_VLAN
33f815f8 T getenv_VLAN
33f81608 T NetEthHdrSize
33f8164c T VLAN_to_string
33f816a4 T ip_to_string
33f816f4 T random_port
33f81710 T NetSetTimeout
33f81740 t NetCopyIP
33f81748 T NetSetIP
33f81840 T NetSetEther
33f818f4 t NetReadIP
33f81910 t PingHandler
33f81938 t NetWriteIP
33f81954 T NetSendPacket
33f81958 T NetReceive
33f81ec4 T ArpRequest
33f81fb0 T PingSend
33f820ec T NetSendUDPPacket
33f82228 t PingTimeout
33f82244 T NetStartAgain
33f8234c T ArpTimeoutCheck
33f823c0 t getenv_IPaddr
33f823d0 T NetLoop
33f82804 t __fswab32
33f82824 t basename
33f82860 t dirname
33f8287c t rpc_add_credentials
33f82954 t rpc_lookup_reply
33f829f4 t nfs_mount_reply
33f82a90 t nfs_umountall_reply
33f82b10 t nfs_lookup_reply
33f82ba4 t rpc_req
33f82cac t rpc_lookup_req
33f82d10 t nfs_mount_req
33f82da0 t nfs_umountall_req
33f82df8 t nfs_lookup_req
33f82e9c t nfs_read_req
33f82f1c t nfs_readlink_req
33f82f74 t NfsSend
33f83008 T NfsStart
33f83234 t nfs_readlink_reply
33f83324 t nfs_read_reply
33f83460 t NfsHandler
33f83640 t NfsTimeout
33f8369c T RarpRequest
33f837a4 t RarpHandler
33f83800 t RarpTimeout
33f83848 t __fswab16
33f8385c t TftpSend
33f839ec T TftpStart
33f83cc8 t TftpTimeout
33f83d2c t TftpHandler
33f83ff8 t __fswab16
33f8400c t __fswab32
33f8402c t truncate_sz
33f84060 t NetWriteIP
33f8407c t NetCopyLong
33f84084 t NetCopyIP
33f8408c t NetReadLong
33f840a8 t DhcpOptionsProcess
33f84278 t DhcpExtended
33f84474 T BootpRequest
33f8463c T DhcpRequest
33f84640 t DhcpHandler
33f84998 t BootpTimeout
33f849e0 t GetI2CSDA
33f849f8 t SetI2CSCL
33f84a18 t IsACK
33f84a30 t ReadWriteByte
33f84a44 t WaitForXfer
33f84a8c t i2c_transfer
33f84d94 T i2c_write
33f84e3c T i2c_read
33f84eec T i2c_probe
33f84f28 T i2c_init
33f85088 T nand_init
33f85140 t generic_ffs
33f85198 t nand_release_device
33f851b0 t nand_read_byte
33f851c0 t nand_read_byte16
33f851d4 t nand_read_word
33f851e4 t nand_write_buf
33f85218 t nand_read_buf
33f85240 t nand_verify_buf
33f85288 t nand_write_buf16
33f852c0 t nand_read_buf16
33f852f8 t nand_verify_buf16
33f85344 t nand_check_wp
33f85380 t nand_get_device
33f8538c t nand_block_bad
33f85494 t nand_read_page_raw
33f854cc t nand_read_page_raw_syndrome
33f85598 t nand_read_page_swecc
33f856b4 t nand_read_subpage
33f85944 t nand_read_page_hwecc
33f85a80 t nand_read_page_hwecc_oob_first
33f85bc0 t nand_read_page_syndrome
33f85ce0 t nand_read_oob_std
33f85d20 t nand_read_oob_syndrome
33f85e30 t nand_write_oob_std
33f85ea0 t nand_write_oob_syndrome
33f86054 t nand_write_page_raw
33f86088 t nand_write_page_raw_syndrome
33f86154 t nand_write_page_swecc
33f861f8 t nand_write_page_hwecc
33f862c4 t nand_write_page_syndrome
33f863b4 t nand_write_page
33f864a8 t single_erase_cmd
33f864e4 t multi_erase_cmd
33f86570 t nand_sync
33f86594 t nand_suspend
33f865a4 T nand_release
33f865cc t nand_resume
33f865ec T nand_scan_ident
33f86b98 T nand_scan_tail
33f87160 T nand_scan
33f87180 t nand_select_chip
33f871dc t nand_block_checkbad
33f87258 t nand_block_isbad
33f872a0 t nand_block_markbad
33f872dc t nand_fill_oob
33f873f0 t nand_do_write_oob
33f87594 t nand_do_write_ops
33f878c4 t nand_write_oob
33f87990 t nand_transfer_oob
33f87aa0 t nand_write
33f87c94 t nand_default_block_markbad
33f87d94 T nand_erase_nand
33f88174 t nand_erase
33f8817c t nand_wait
33f88254 T nand_wait_ready
33f8829c t nand_do_read_ops
33f886b0 t nand_read_oob
33f88988 t nand_read
33f88a30 t nand_command
33f88c0c t nand_command_lp
33f88e74 t check_pattern
33f88f2c t scan_read_raw
33f88f78 T nand_isbad_bbt
33f88fc8 t create_bbt
33f892a0 t search_bbt
33f894bc t read_bbt
33f89708 t read_abs_bbt
33f89804 t write_bbt
33f89e84 T nand_update_bbt
33f89fd8 t mark_bbt_region
33f8a158 T nand_scan_bbt
33f8a5d0 T nand_default_bbt
33f8a694 T nand_calculate_ecc
33f8a78c T nand_correct_data
33f8a8b8 t s3c2410_hwcontrol
33f8a930 t s3c2410_dev_ready
33f8a944 T board_nand_init
33f8a9b8 t s3c24x0_get_base_uart
33f8a9c4 T _serial_getc
33f8a9e4 T serial_getc
33f8a9ec T serial_putc
33f8a9f4 T _serial_putc
33f8aa2c T _serial_tstc
33f8aa40 T serial_tstc
33f8aa48 T _serial_puts
33f8aa78 T serial_puts
33f8aa80 T _serial_setbrg
33f8aaa8 T serial_init
33f8aae8 T serial_setbrg
33f8aaf0 T ClearPending_my
33f8ab04 T Timer_InitEx
33f8ab58 T IsrWatchdog
33f8ab8c T IsrTimer4
33f8abac T Isr_Init
33f8ac44 T IRQ_Handle
33f8ac9c T Dummy_isr
33f8acc4 T Timer_StopEx
33f8ad48 T Timer_StartEx
33f8adb0 T _WrDbgStrFifo
33f8ade0 T DbgPrintf
33f8adec T IsrUsbd
33f8aea8 T UsbdMain
33f8aebc t RdPktEp3_CheckSum
33f8af10 T ClearEp3OutPktReady
33f8af38 T IsrDma2
33f8b0bc T Ep3Handler
33f8b25c T InitDescriptorTable
33f8b380 T Ep0Handler
33f8bc04 T udc_disconnect
33f8bc1c T HaltDabort
33f8bc30 T HaltPabort
33f8bc44 T HaltSwi
33f8bc58 T HaltUndef
33f8bc6c T usb_init_slave
33f8bce0 T awaitkey
33f8bd50 T usb_receive
33f8bfa8 T PrepareEp1Fifo
33f8c010 T Ep1Handler
33f8c054 T ReconfigUsbd
33f8c184 T ConfigUsbd
33f8c1a4 T RdPktEp0
33f8c1cc T WrPktEp0
33f8c1f4 T WrPktEp1
33f8c21c T WrPktEp2
33f8c244 T RdPktEp3
33f8c26c T RdPktEp4
33f8c294 T ConfigEp3DmaMode
33f8c368 T ConfigEp3IntMode
33f8c3c0 t print_num
33f8c3d4 T do_bdinfo
33f8c4ac T gunzip_bmp
33f8c550 T do_bmp
33f8c77c W do_go_exec
33f8c798 T do_go
33f8c810 t __fswab32
33f8c830 t image_get_data
33f8c838 T __arch_preboot_os
33f8c838 W arch_preboot_os
33f8c83c t do_imls
33f8c8f4 t image_check_magic
33f8c918 t image_info
33f8c9e0 T do_iminfo
33f8ca40 t image_get_size
33f8ca48 t image_get_data_size
33f8ca4c T do_bootd
33f8ca70 t bootm_start
33f8cde0 t bootm_load_os
33f8ced4 T do_bootm_subcommand
33f8d094 T do_bootm
33f8d250 t on_off
33f8d28c T do_dcache
33f8d304 T do_icache
33f8d37c T do_coninfo
33f8d460 t cnvrt2
33f8d4a4 T mk_date
33f8d674 T do_date
33f8d798 T do_echo
33f8d814 T eeprom_init
33f8d824 T eeprom_probe
33f8d830 T eeprom_write
33f8d8a8 T eeprom_read
33f8d91c T do_eeprom
33f8da30 T load_elf_image
33f8dac8 T valid_elf_image
33f8db3c T do_bootvx
33f8ddc8 W do_bootelf_exec
33f8de08 T do_bootelf
33f8dea0 T do_fat_fsinfo
33f8df78 T do_fat_ls
33f8e07c T do_fat_fsload
33f8e1fc T flash_sect_roundb
33f8e2c4 t flash_fill_sect_ranges
33f8e470 T flash_sect_protect
33f8e568 t addr_spec
33f8e628 t abbrev_spec
33f8e778 T do_protect
33f8ea24 T flash_sect_erase
33f8eb04 T do_flerase
33f8ec88 T do_flinfo
33f8ed04 T do_help
33f8ed50 t __fswab32
33f8ed70 T __def_i2c_get_bus_speed
33f8ed70 W i2c_get_bus_speed
33f8ed7c T __def_i2c_set_bus_speed
33f8ed7c W i2c_set_bus_speed
33f8ed94 T do_i2c_bus_speed
33f8ee04 t mod_i2c_mem
33f8f030 T do_i2c_loop
33f8f13c T do_i2c_mw
33f8f260 T do_i2c_probe
33f8f2ac T do_i2c_md
33f8f48c T do_i2c_crc
33f8f5d8 T do_i2c
33f8f7e8 t evalstr
33f8f804 t evalexp
33f8f870 T binary_test
33f8fa50 T do_itest
33f8faec t INIT_LIST_HEAD
33f8faf8 t jffs2_part_info
33f8fb8c T mtdparts_init
33f8ff4c T do_jffs2_fsinfo
33f8ffa8 T do_jffs2_ls
33f90000 T do_jffs2_fsload
33f9013c T ktrans
33f9015c T chk1
33f9018c t bin_data_init
33f901a8 t bin_data_char
33f901c8 T k_data_init
33f901e8 T k_data_save
33f90208 T k_data_restore
33f90228 T k_data_char
33f90278 T send_pad
33f902a8 T s1_sendpacket
33f902d4 T handle_send_packet
33f90498 T send_nack
33f904f8 T send_ack
33f90558 t load_serial_xmodem
33f90698 t load_serial_ymodem
33f907d8 t getcxmodem
33f907f8 T do_load_serial_bin
33f90c90 t load_serial
33f90eb4 T do_load_serial
33f90f90 T do_unzip
33f9101c T do_mem_crc
33f910c8 T do_mem_base
33f9110c T do_mem_mtest
33f912b4 T do_mem_loop
33f913ac T do_mem_cmp
33f91544 T do_mem_mw
33f9160c T do_mem_cp
33f917f8 t mod_mem
33f91948 T do_mem_nm
33f91968 T do_mem_mm
33f91988 T do_mem_md
33f91a60 T do_sleep
33f91ae4 T do_mmc
33f91c20 t str2long
33f91c5c t nand_print_info
33f91cb4 t arg_off_size
33f91d9c T do_nandboot
33f920d8 t nand_dump
33f922fc T do_nand
33f92b34 T do_ping
33f92bb4 t netboot_common
33f92ebc T do_nfs
33f92ec8 T do_dhcp
33f92ed4 T do_rarpb
33f92ee0 T do_tftpb
33f92eec T do_bootp
33f92ef8 T get_env_id
33f92f08 T this_is_a_joke
33f92f0c T envmatch
33f92f6c T getenv_r
33f93010 T do_saveenv
33f9303c T getenv
33f930a4 T _do_setenv
33f934e8 T do_askenv
33f93660 T do_setenv
33f9368c T setenv
33f936d8 T do_editenv
33f93744 t printenv
33f93828 T do_printenv
33f938bc T do_reginfo
33f938c4 t __fswab32
33f938e4 T source
33f93a7c T do_source
33f93ac4 T usb_get_class_desc
33f93b6c T usb_display_ep_desc
33f93c3c T usb_display_class_sub
33f93db0 T do_usbboot
33f9415c T usb_show_tree_graph
33f94384 T usb_show_tree
33f943b8 T usb_display_desc
33f944e8 T usb_display_string
33f94524 T usb_display_if_desc
33f945ac T usb_display_conf_desc
33f94658 T usb_display_config
33f946e8 T do_usb
33f94c30 T do_usbslave
33f94d7c T do_version
33f94d9c T do_imgextract
33f95074 T cmd_get_data_size
33f950ec T cmd_usage
33f9514c T var_complete
33f951d4 T find_cmd_tbl
33f9526c T find_cmd
33f95294 T cmd_auto_complete
33f9571c t install_auto_complete_handler
33f95734 T install_auto_complete
33f95774 T _do_help
33f958f0 t console_setfile
33f9599c t console_doenv
33f959a0 T fgetc
33f959c8 T ftstc
33f959f0 T fputc
33f95a18 T fputs
33f95a40 T disable_ctrlc
33f95a58 T had_ctrlc
33f95a68 T clear_ctrlc
33f95a7c T dbg
33f95a88 T console_init_f
33f95a98 T getc
33f95ab0 T tstc
33f95ac8 T ctrlc
33f95b18 T putc
33f95b34 T puts
33f95b50 T search_device
33f95b78 T console_assign
33f95bb8 T vprintf
33f95be8 T printf
33f95c2c T stdio_print_current_devices
33f95ce4 T console_init_r
33f95e2c T fprintf
33f95e78 T serial_printf
33f95ebc T sbrk
33f95ef0 T malloc_trim
33f95fbc T free
33f961f8 T cfree
33f961fc T malloc
33f96810 T memalign
33f96920 T pvalloc
33f96938 T valloc
33f96944 T malloc_usable_size
33f96988 T mallopt
33f969f4 T calloc
33f96ad4 T mem_malloc_init
33f96b00 T realloc
33f96f70 T env_get_char_memory
33f96f90 T env_get_addr
33f96fb0 T env_get_char
33f96fe0 T env_complete
33f97114 T env_crc_update
33f97140 T set_default_env
33f97188 T env_relocate
33f971e8 t nand_block_isbad
33f971f8 T env_get_char_spec
33f97204 T env_init
33f97220 T writeenv
33f972d0 T readenv
33f97380 t use_default
33f97398 T env_relocate_spec
33f973e4 T saveenv
33f97484 t dummy
33f97488 T get_version
33f97490 T jumptable_init
33f97668 T flash_protect
33f97760 T addr2info
33f977a8 T flash_perror
33f97888 T flash_write
33f979ec t __fswab32
33f97a0c t image_get_data
33f97a14 t image_check_type
33f97a28 T image_multi_count
33f97a50 T get_table_entry_name
33f97a78 T genimg_get_os_name
33f97a90 T genimg_get_arch_name
33f97aa8 T genimg_get_type_name
33f97ac0 T genimg_get_comp_name
33f97ad8 T genimg_get_image
33f97adc T genimg_has_config
33f97ae4 T get_table_entry_id
33f97b30 T genimg_get_comp_id
33f97b48 T genimg_get_type_id
33f97b60 T genimg_get_arch_id
33f97b78 T genimg_get_os_id
33f97b90 t image_check_magic
33f97bb4 T genimg_get_format
33f97bc8 t image_get_data_size
33f97bd0 t image_get_load
33f97bd8 T image_multi_getimg
33f97c5c T genimg_print_size
33f97c88 T memmove_wd
33f97c8c T getenv_bootm_low
33f97cc0 T getenv_yesno
33f97ce4 T getenv_bootm_size
33f97d18 T image_print_contents
33f97ef8 T image_check_dcrc
33f97f40 T image_check_hcrc
33f97f94 T boot_get_ramdisk
33f981e0 T __show_boot_progress
33f981e0 W show_boot_progress
33f981e4 T parse_line
33f98270 T run_command
33f986d8 T do_run
33f98754 t delete_char
33f98830 t cread_add_char
33f9891c t cread_add_str
33f9896c T readline_into_buffer
33f9929c T readline
33f992b8 T main_loop
33f9943c t hex1_bin
33f99474 t hex2_bin
33f994a8 T srec_decode
33f99718 T nulldev_putc
33f9971c T nulldev_puts
33f99720 T nulldev_input
33f99728 T stdio_get_list
33f99734 T stdio_clone
33f9977c T stdio_register
33f997bc T stdio_init
33f998b4 T stdio_get_by_name
33f99908 T usb_disable_asynch
33f99920 T usb_maxpacket
33f99944 t usb_set_maxpacket_ep
33f999b8 T usb_set_maxpacket
33f99a1c T usb_get_dev_index
33f99a4c T usb_hub_reset
33f99a60 T usb_hub_allocate
33f99aa4 T usb_alloc_new_device
33f99b44 T usb_parse_config
33f99c98 T usb_submit_int_msg
33f99c9c T usb_stop
33f99cd8 T wait_ms
33f99cfc T usb_bulk_msg
33f99d60 T usb_control_msg
33f99e50 T usb_get_port_status
33f99eb0 T usb_get_hub_status
33f99f04 T usb_set_port_feature
33f99f64 T usb_clear_port_feature
33f99fc4 T usb_clear_hub_feature
33f9a018 T usb_get_hub_descriptor
33f9a074 T usb_get_string
33f9a100 t usb_string_sub
33f9a204 T usb_string
33f9a304 T usb_get_class_descriptor
33f9a374 T usb_get_report
33f9a3e4 T usb_set_idle
33f9a448 T usb_set_protocol
33f9a4a8 T usb_set_configuration
33f9a510 T usb_set_interface
33f9a5dc T usb_set_address
33f9a620 T usb_get_descriptor
33f9a68c T usb_get_configuration_no
33f9a724 T usb_clear_halt
33f9a7d8 t usb_hub_power_on
33f9a81c t hub_port_reset
33f9a8bc T usb_hub_port_connect_change
33f9a9b0 T usb_hub_configure
33f9abb8 T usb_hub_probe
33f9ac18 T usb_new_device
33f9aeb8 T usb_scan_devices
33f9af34 T usb_init
33f9afb0 t __fswab32
33f9afd0 T usb_stor_get_dev
33f9aff0 t usb_stor_irq
33f9b00c T usb_show_progress
33f9b018 t usb_request_sense
33f9b074 t usb_test_unit_ready
33f9b0f0 T usb_stor_get_info
33f9b39c T usb_storage_probe
33f9b5cc T usb_stor_BBB_clear_endpt_stall
33f9b618 t usb_stor_BBB_reset
33f9b700 t usb_stor_CB_reset
33f9b7ec T usb_stor_write
33f9b9f8 T usb_stor_read
33f9bc04 T usb_stor_scan
33f9bd5c T usb_stor_CB_comdat
33f9bf8c T usb_stor_BBB_comdat
33f9c068 T usb_stor_BBB_transport
33f9c234 T usb_stor_CBI_get_status
33f9c304 T usb_stor_CB_transport
33f9c4f8 T usb_stor_info
33f9c568 T parse_num
33f9c690 T xyzModem_error
33f9c72c T xyzModem_stream_close
33f9c778 T CYGACC_COMM_IF_PUTC
33f9c780 T CYGACC_COMM_IF_GETC_TIMEOUT
33f9c7d4 t xyzModem_flush
33f9c7fc T xyzModem_stream_terminate
33f9c8d4 t xyzModem_get_hdr
33f9cb58 T xyzModem_stream_read
33f9cde4 T xyzModem_stream_open
33f9cf48 t delay
33f9cf54 T dram_init
33f9cf74 T board_eth_init
33f9cf78 T board_video_init
33f9cffc T board_init
33f9d114 t write_hword
33f9d1b4 T write_buff
33f9d328 T flash_print_info
33f9d460 T flash_erase
33f9d600 T flash_init
33f9d6a8 T cyg_crc16
33f9d6f0 T crc32_no_comp
33f9d7e8 T crc32
33f9d7fc T crc32_wd
33f9d800 T print_size
33f9d8c8 T display_options
33f9d8e8 T print_buffer
33f9da48 T zunzip
33f9db3c T gunzip
33f9dc04 T zfree
33f9dc0c T zalloc
33f9dc1c T string_to_ip
33f9dc90 T strcpy
33f9dcac T strncpy
33f9dcd4 T strcat
33f9dd08 T strncat
33f9dd6c T strcmp
33f9dda4 T strncmp
33f9ddf4 T strchr
33f9de20 T strlen
33f9de40 T strrchr
33f9de78 T strnlen
33f9dea0 T strspn
33f9dee4 T strpbrk
33f9df24 T strtok
33f9dfa4 T strsep
33f9dfd8 T strswab
33f9e024 T memset
33f9e0a0 T bcopy
33f9e0cc T memcpy
33f9e148 T memmove
33f9e1a4 T memcmp
33f9e1e4 T memscan
33f9e214 T strstr
33f9e278 T memchr
33f9e2a8 T strdup
33f9e2d8 T udelay
33f9e304 t __toupper
33f9e320 t pack_hex_byte
33f9e348 T simple_strtoul
33f9e3fc T simple_strtol
33f9e424 T ustrtoul
33f9e498 T simple_strtoull
33f9e56c t skip_atoi
33f9e5a4 t put_dec_trunc
33f9e680 T panic
33f9e6d0 t string
33f9e780 t put_dec
33f9e8b0 t number
33f9eb18 T vsprintf
33f9f194 T sprintf
33f9f1bc T inflate_fast
33f9f728 T inflate_table
33f9fcbc T inflateReset
33f9fd5c T inflateInit2_
33f9fe64 T inflateInit_
33f9fe74 T inflateEnd
33f9fefc T adler32
33fa0238 T zcfree
33fa0240 T zcalloc
33fa0248 T inflate
33fa198c T __div64_32
33fa1a80 T do_irq
33fa1a90 T arch_interrupt_init
33fa1a98 t get_PLLCLK
33fa1b1c T get_UCLK
33fa1b24 T get_FCLK
33fa1b2c T get_HCLK
33fa1be0 T get_PCLK
33fa1c0c t READ_TIMER
33fa1c24 T set_timer
33fa1c34 T reset_timer_masked
33fa1c54 T reset_timer
33fa1c58 T get_ticks
33fa1ca4 T udelay_masked
33fa1d18 T get_timer_masked
33fa1d48 T get_timer
33fa1d5c T __udelay
33fa1db0 T get_tbclk
33fa1db8 T reset_cpu
33fa1de0 T timer_init
33fa1e68 t td_alloc
33fa1eb0 t roothub_a
33fa1ef4 t roothub_portstatus
33fa1f3c t urb_free_priv
33fa1f74 T rh_check_port_status
33fa1fc8 T submit_int_msg
33fa1fd0 t td_fill
33fa206c t hc_reset
33fa211c T usb_lowlevel_stop
33fa2154 t hc_release_ohci
33fa2164 T usb_lowlevel_init
33fa2354 T sohci_submit_job
33fa2900 T submit_common_msg
33fa2dfc T submit_bulk_msg
33fa2e14 T submit_control_msg
33fa3464 T mmc_get_dev
33fa3470 T mmc_ident
33fa3478 T mmc2info
33fa3480 t mmc_block_write
33fa3498 t mmc_cmd
33fa357c T mmc_init
33fa3c10 t mmc_block_read
33fa3d28 T mmc_write
33fa3e6c T mmc_read
33fa3f78 T mmc_bread
33fa3f9c T do_bootm_linux
33fa416c T flush_cache
33fa4170 t get_cr
33fa4178 t set_cr
33fa4180 t cp_delay
33fa41b0 t cache_enable
33fa41d0 t cache_disable
33fa41f0 T icache_enable
33fa41f8 T icache_disable
33fa4200 T icache_status
33fa4214 T dcache_enable
33fa421c T dcache_disable
33fa4224 T dcache_status
33fa4238 T do_reset
33fa4268 t downcase
33fa4294 T disk_read
33fa42e8 t dirdelim
33fa431c t get_fatent
33fa447c t slot2str
33fa454c t mkcksum
33fa457c t get_cluster
33fa4624 t get_vfatname
33fa47bc t get_name
33fa4878 t read_bootsectandvi
33fa4970 T file_fat_detectfs
33fa4ad0 T do_fat_read
33fa542c T file_fat_read
33fa5464 T file_fat_ls
33fa5474 T fat_register_device
33fa5564 T mkmodestr
33fa5680 t EMPTY_SCAN_SIZE
33fa568c t insert_node
33fa5754 t put_fl_mem
33fa5780 t free_nodes
33fa57a8 T jffs2_free_cache
33fa57dc t get_fl_mem_nor
33fa5830 t get_fl_mem_nand
33fa59f0 t get_fl_mem
33fa5a48 T jffs2_1pass_rescan_needed
33fa5ab8 t jffs2_get_list
33fa6094 T jffs2_1pass_info
33fa61b0 t get_node_mem
33fa62c4 t jffs2_1pass_find_inode
33fa644c t jffs2_1pass_search_inode
33fa6580 T jffs2_1pass_load
33fa6b54 t jffs2_1pass_search_list_inodes
33fa71d4 T jffs2_1pass_ls
33fa7228 T rtime_decompress
33fa7300 T rubin_do_decompress
33fa73fc T dynrubin_decompress
33fa743c T zlib_decompress
33fa7454 T cramfs_memset
33fa7478 T pull_bits
33fa74d4 T pull_bit
33fa7508 t read_symbol
33fa7590 t decompress_huffman
33fa76c4 t fill_code_tables
33fa779c t init_code_tables
33fa77d8 T decompress_block
33fa7d68 T print_part
33fa7e44 T dev_print
33fa8040 T get_partition_info
33fa8064 T init_part
33fa8080 T get_dev
33fa80dc t le32_to_int
33fa8104 t is_extended
33fa8124 T test_part_dos
33fa8178 t get_partition_info_extended
33fa83a0 T get_partition_info_dos
33fa83c0 t print_partition_extended
33fa8578 T print_part_dos
33fa85a4 t nand_read
33fa85d0 t nand_block_isbad
33fa85e0 t nand_block_bad_scrub
33fa85e8 t get_len_incl_bad
33fa8674 T nand_read_skip_bad
33fa8820 T nand_write_skip_bad
33fa8aa4 T nand_erase_opts
33fa8dd8 t dm9000_outblk_8bit
33fa8e00 t dm9000_outblk_16bit
33fa8e38 t dm9000_outblk_32bit
33fa8e68 t dm9000_inblk_8bit
33fa8e90 t dm9000_inblk_16bit
33fa8ec8 t dm9000_inblk_32bit
33fa8ef8 t dm9000_rx_status_32bit
33fa8f20 t dm9000_rx_status_16bit
33fa8f44 t dm9000_rx_status_8bit
33fa8f78 t DM9000_ior
33fa8f90 t DM9000_iow
33fa8fa8 T dm9000_initialize
33fa9008 t dm9000_reset
33fa90a8 t dm9000_rx
33fa91e4 t dm9000_halt
33fa9254 t phy_read
33fa92ac t dm9000_init
33fa9598 t dm9000_send
33fa9668 T GregorianDay
33fa975c T to_tm
33fa986c T mktime
33fa9900 t bcd2bin
33fa9914 t bin2bcd
33fa9948 t SetRTC_Access
33fa9984 T rtc_get
33fa9ad0 T rtc_set
33fa9b8c T rtc_reset
33fa9bb4 t video_drawchars
33faa0e8 t video_putchar
33faa114 t console_newline
33faa210 T video_putc
33faa3c4 T __board_video_skip
33faa3c4 W board_video_skip
33faa3cc T video_puts
33faa3fc T logo_plot
33faa60c T video_display_bitmap
33faaf7c T drv_video_init
33fab230 T video_set_lut
33fab234 T video_hw_init
33fab484 t video_get_param_len
33fab4ac T video_get_params
33fab910 T cleanup_before_linux
33fab930 T raise
33fab94c T __aeabi_uidiv
33fab94c T __udivsi3
33fab94c t .udivsi3_nodiv0
33faba40 T __aeabi_uidivmod
33faba60 T __aeabi_idiv
33faba60 T __divsi3
33faba68 t .divsi3_nodiv0
33fabb88 T __aeabi_idivmod
33fabba8 T __aeabi_llsr
33fabba8 T __lshrdi3
33fabbc4 T __aeabi_lasr
33fabbc4 T __ashrdi3
33fabbe0 T __aeabi_llsl
33fabbe0 T __ashldi3
33fabbfc W __aeabi_idiv0
33fabbfc W __aeabi_ldiv0
33fabc10 r __func__.5621
33fabc24 r __FUNCTION__.5755
33fabc33 r __FUNCTION__.3962
33fabc44 r __FUNCTION__.5202
33fabc52 r __FUNCTION__.4664
33fabc64 r C.48.4112
33fabc68 r C.167.5495
33fabc70 r C.33.2932
33fabcf0 r boot_os
33fabd08 r baudrate_table
33fabd1c r crc_table
33fac11c r lbase.3504
33fac15a r lext.3505
33fac198 r dbase.3506
33fac1d8 r dext.3507
33fac218 r lenfix
33faca18 r distfix
33faca98 r order.3731
33facac0 R z_errmsg
33facae8 r cc_to_error
33facb28 r l.4464
33facb2c r compr_names
33facb48 r year_lengths.3021
33facb50 r mon_lengths.3020
33facbb0 r day_name.2997
33facbc5 r mon_name.2998
33facbec r block_drvr
33facc04 r C.29.2958
33facc34 r video_font_draw_table8
33facc74 r video_font_draw_table15
33facc84 r video_font_draw_table16
33facc94 r video_font_draw_table32
33facd94 r video_font_draw_table24
33face54 R res_mode_init
33facf88 R vesa_modes
33fad078 r crc16_tab
33fad278 R version_string
33fad2b6 r default_nand_name
33fad2bb r nand_ecc_precalc_table
33fad3bb r descStr0
33fad3bf r descStr1
33fad3dd r descStr2
33fad405 r __FUNCTION__.4038
33fad422 R hex_asc
33fad433 r digits.3166
33fad443 r huffman_order
33fb56cc D init_sequence
33fb56fc D NetOurVLAN
33fb56fe D NetOurNativeVLAN
33fb5700 D NetBcastAddr
33fb5708 d nfs_offset
33fb570c d TftpTimeoutMSecs
33fb5710 d TftpBlkSizeOption
33fb5714 d TftpTimeoutCountMax
33fb5718 D TftpRRQTimeoutCountMax
33fb571c d TftpBlkSize
33fb5720 D TftpRRQTimeoutMSecs
33fb5724 D nand_curr_device
33fb5728 d nand_oob_8
33fb5970 d nand_oob_16
33fb5bb8 d nand_oob_64
33fb5e00 d nand_oob_128
33fb6048 d bbt_main_descr
33fb606c d bbt_mirror_descr
33fb6090 d agand_flashbased
33fb60b4 d smallpage_flashbased
33fb60d8 d largepage_flashbased
33fb60fc d smallpage_memorybased
33fb6120 d largepage_memorybased
33fb6144 d bbt_pattern
33fb6148 d mirror_pattern
33fb614c d scan_agand_pattern
33fb6152 d scan_ff_pattern
33fb6154 D nand_flash_ids
33fb65a4 D nand_manuf_ids
33fb65f4 D IO_ADDR_W
33fb65f8 D Selfpwr
33fb65f9 D Configuration
33fb65fc D load_addr
33fb6600 D cmd_bootm_sub
33fb66a8 D weekdays
33fb66c4 d i2c_dp_last_length
33fb66c8 D op_table
33fb6730 d do_echo
33fb6734 D dp_last_length
33fb6738 d curr_device
33fb673c d env_id
33fb6740 d usb_stor_curr_dev
33fb6744 D g_bUSBWait
33fb6748 d av_
33fb6b50 d sbrk_base
33fb6b54 d trim_threshold
33fb6b58 d mmap_threshold
33fb6b5c D default_environment
33fb6d14 D env_name_spec
33fb6d18 d uimage_os
33fb6d78 d uimage_arch
33fb6e68 d uimage_type
33fb6ef8 d uimage_comp
33fb6f40 d erase_seq
33fb6f44 d tab_seq
33fb6f50 d hist_cur
33fb6f54 D stdio_names
33fb6f60 D us_direction
33fb6f80 D _ctype
33fb7080 d root_hub_dev_des
33fb7092 d root_hub_config_des
33fb70ab d root_hub_str_index0
33fb70af d root_hub_str_index1
33fb70cc d rca
33fb70d0 d cur_part
33fb70d4 d nand_cache_off
33fb70d8 d month_days
33fb7108 d video_fontdata
33fb8108 d video_logo_height
33fb810c d nl.3662
33fb8110 D bmp_logo_palette
33fb814e D bmp_logo_bitmap
33fbbd50 A __u_boot_cmd_start
33fbbd50 D __u_boot_cmd_bdinfo
33fbbd6c D __u_boot_cmd_bmp
33fbbd88 D __u_boot_cmd_go
33fbbda4 D __u_boot_cmd_reset
33fbbdc0 D __u_boot_cmd_bootm
33fbbddc D __u_boot_cmd_boot
33fbbdf8 D __u_boot_cmd_bootd
33fbbe14 D __u_boot_cmd_iminfo
33fbbe30 D __u_boot_cmd_imls
33fbbe4c D __u_boot_cmd_icache
33fbbe68 D __u_boot_cmd_dcache
33fbbe84 D __u_boot_cmd_coninfo
33fbbea0 D __u_boot_cmd_date
33fbbebc D __u_boot_cmd_echo
33fbbed8 D __u_boot_cmd_eeprom
33fbbef4 D __u_boot_cmd_bootelf
33fbbf10 D __u_boot_cmd_bootvx
33fbbf2c D __u_boot_cmd_fatload
33fbbf48 D __u_boot_cmd_fatls
33fbbf64 D __u_boot_cmd_fatinfo
33fbbf80 D __u_boot_cmd_flinfo
33fbbf9c D __u_boot_cmd_erase
33fbbfb8 D __u_boot_cmd_protect
33fbbfd4 D __u_boot_cmd_help
33fbbff0 D __u_boot_cmd_question_mark
33fbc00c D __u_boot_cmd_i2c
33fbc028 D __u_boot_cmd_itest
33fbc044 D __u_boot_cmd_fsload
33fbc060 D __u_boot_cmd_ls
33fbc07c D __u_boot_cmd_fsinfo
33fbc098 D __u_boot_cmd_loads
33fbc0b4 D __u_boot_cmd_loadb
33fbc0d0 D __u_boot_cmd_loadx
33fbc0ec D __u_boot_cmd_loady
33fbc108 D __u_boot_cmd_md
33fbc124 D __u_boot_cmd_mm
33fbc140 D __u_boot_cmd_nm
33fbc15c D __u_boot_cmd_mw
33fbc178 D __u_boot_cmd_cp
33fbc194 D __u_boot_cmd_cmp
33fbc1b0 D __u_boot_cmd_crc32
33fbc1cc D __u_boot_cmd_base
33fbc1e8 D __u_boot_cmd_loop
33fbc204 D __u_boot_cmd_mtest
33fbc220 D __u_boot_cmd_unzip
33fbc23c D __u_boot_cmd_sleep
33fbc258 D __u_boot_cmd_mmc
33fbc274 D __u_boot_cmd_nand
33fbc290 D __u_boot_cmd_nboot
33fbc2ac D __u_boot_cmd_bootp
33fbc2c8 D __u_boot_cmd_tftpboot
33fbc2e4 D __u_boot_cmd_rarpboot
33fbc300 D __u_boot_cmd_dhcp
33fbc31c D __u_boot_cmd_nfs
33fbc338 D __u_boot_cmd_ping
33fbc354 D __u_boot_cmd_saveenv
33fbc370 D __u_boot_cmd_editenv
33fbc38c D __u_boot_cmd_printenv
33fbc3a8 D __u_boot_cmd_setenv
33fbc3c4 D __u_boot_cmd_askenv
33fbc3e0 D __u_boot_cmd_run
33fbc3fc D __u_boot_cmd_reginfo
33fbc418 D __u_boot_cmd_source
33fbc434 D __u_boot_cmd_usb
33fbc450 D __u_boot_cmd_usbboot
33fbc46c D __u_boot_cmd_usbslave
33fbc488 D __u_boot_cmd_version
33fbc4a4 D __u_boot_cmd_imxtract
33fbc4c0 A __bss_start
33fbc4c0 A __u_boot_cmd_end
33fbc500 B monitor_flash_len
33fbc504 b eth_current
33fbc508 b eth_devices
33fbc50c b act.3139
33fbc510 b env_changed_id.3140
33fbc514 b first_failed.3123
33fbc518 B NetState
33fbc51c b packetHandler
33fbc520 b timeHandler
33fbc524 b timeStart
33fbc528 b timeDelta
33fbc52c B NetIPID
33fbc530 B NetOurIP
33fbc534 B NetOurEther
33fbc53c B NetPingIP
33fbc540 B NetRxPacket
33fbc544 B NetRxPacketLen
33fbc548 B NetArpWaitPacketIP
33fbc54c B NetArpWaitPacketMAC
33fbc550 B NetArpWaitReplyIP
33fbc554 B NetArpWaitTxPacket
33fbc558 B NetArpWaitTxPacketSize
33fbc55c B NetServerIP
33fbc560 B NetServerEther
33fbc568 B NetTxPacket
33fbc56c B NetOurSubnetMask
33fbc570 B NetOurGatewayIP
33fbc574 b mac.3206
33fbc57a B NetEtherNullAddr
33fbc580 b PingSeqNo
33fbc584 B NetArpWaitTry
33fbc588 B NetArpWaitTimerStart
33fbc58c b NetTryCount
33fbc590 b NetRestarted
33fbc594 B NetRestartWrap
33fbc598 b NetDevExists
33fbc59c B PktBuf
33fbe3bc B NetRxPackets
33fbe3cc B NetArpWaitPacketBuf
33fbe9ec b env_changed_id.3052
33fbe9f0 B NetBootFileXferSize
33fbe9f4 B NetOurDNSIP
33fbe9f8 B NetOurNISDomain
33fbea18 B NetOurHostName
33fbea38 B NetOurRootPath
33fbea78 B NetBootFileSize
33fbea7a B BootFile
33fbeafc b rpc_id
33fbeb00 b NfsSrvMountPort
33fbeb04 b NfsSrvNfsPort
33fbeb08 b fs_mounted
33fbeb0c b dirfh
33fbeb2c b filefh
33fbeb4c b NfsServerIP
33fbeb50 b NfsOurPort
33fbeb54 b NfsState
33fbeb58 b nfs_path
33fbeb5c b nfs_filename
33fbeb60 b nfs_len
33fbeb64 b NfsDownloadState
33fbeb68 b nfs_path_buff
33fbf368 b default_filename
33fbf3a8 b NfsTimeoutCount
33fbf3ac B RarpTry
33fbf3b0 b TftpState
33fbf3b4 b tftp_filename
33fbf434 b TftpBlock
33fbf438 b TftpServerIP
33fbf43c b TftpServerPort
33fbf440 b TftpOurPort
33fbf444 b default_filename
33fbf454 b TftpTimeoutCount
33fbf458 b TftpBlockWrap
33fbf45c b TftpBlockWrapOffset
33fbf460 b TftpLastBlock
33fbf464 B dhcp_leasetime
33fbf468 B NetDHCPServerIP
33fbf46c B dhcp_state
33fbf470 B BootpTry
33fbf474 B BootpID
33fbf478 B nand_info
33fbf530 b nand_chip
33fbf648 b intCount
33fbf64c B g_TimerIntHappen
33fbf650 B isr_handle_array
33fbf718 B dbgStrWrPt
33fbf71c B dbgStrFifo
33fc071c B dbgStrRdPt
33fc0720 B ep3Buf
33fc0740 B descDev
33fc0752 B descConf
33fc075b B descIf
33fc0764 B descEndpt0
33fc076b B descEndpt1
33fc0774 B ep0State
33fc0778 B descSetup
33fc0780 b ep0SubState.3559
33fc0784 B ConfigSet
33fc0785 B Rwuen
33fc0786 B StatusGet
33fc078b B InterfaceGet
33fc078c B ep0SubState
33fc0790 B AlterSetting
33fc0791 B device_status
33fc0792 B interface_status
33fc0793 B endpoint0_status
33fc0794 B endpoint1_status
33fc0795 B endpoint3_status
33fc0798 B isUsbdSetConfiguration
33fc079c B download_run
33fc07a0 B dwUSBBufBase
33fc07a4 B dwUSBBufReadPtr
33fc07a8 B dwUSBBufWritePtr
33fc07ac B bDMAPending
33fc07b0 B tempDownloadAddress
33fc07b4 B downloadAddress
33fc07b8 B downPt
33fc07bc B downloadFileSize
33fc07c0 B dwWillDMACnt
33fc07c4 B totalDmaCount
33fc07c8 B restart
33fc07cc B err
33fc07d0 B menuUsed
33fc07d4 B run
33fc07d8 B checkSum
33fc07dc B dwUSBBufSize
33fc07e0 B consoleNum
33fc07e4 B transferIndex
33fc07e8 B ep1Buf
33fc0808 b images
33fc0894 b i2c_mm_last_chip
33fc0898 b i2c_mm_last_addr
33fc089c b i2c_mm_last_alen
33fc08a0 b i2c_dp_last_chip
33fc08a4 b i2c_dp_last_addr
33fc08a8 b i2c_dp_last_alen
33fc08ac b initialized.4052
33fc08b0 B current_mtd_dev
33fc08b4 B current_mtd_partnum
33fc08b8 b os_data_state
33fc08bc b os_data_addr
33fc08c0 b bin_start_address
33fc08c4 b k_data_escape
33fc08c8 B os_data_init
33fc08cc b k_data_escape_saved
33fc08d0 b os_data_state_saved
33fc08d4 b os_data_addr_saved
33fc08d8 B os_data_char
33fc08dc B his_quote
33fc08e0 B his_pad_count
33fc08e4 B his_pad_char
33fc08e5 B his_eol
33fc08e8 B send_ptr
33fc08ec B send_parms
33fc0900 b a_b
33fc0918 b base_address
33fc091c B mm_last_addr
33fc0920 B mm_last_size
33fc0924 B dp_last_addr
33fc0928 B dp_last_size
33fc092c B g_dwDownloadLen
33fc0930 b tmp_buf.3012
33fc0b30 b tmp_buf
33fc0c30 b ctrlc_disabled
33fc0c34 b ctrlc_was_pressed
33fc0c38 B mem_malloc_brk
33fc0c3c B mem_malloc_start
33fc0c40 B mem_malloc_end
33fc0c44 b current_mallinfo
33fc0c6c b top_pad
33fc0c70 b max_sbrked_mem
33fc0c74 b max_total_mem
33fc0c78 b n_mmaps_max
33fc0c7c B env_ptr
33fc0c80 b initted.3191
33fc0c84 b hist_max
33fc0c88 b hist_add_idx
33fc0c8c B hist_num
33fc0c90 B hist_lines
33fc2090 B hist_list
33fc20e0 B console_buffer
33fc21e0 b lastcommand.2946
33fc22e0 b devs
33fc231c B stdio_devices
33fc2328 b asynch_allowed
33fc232c b usb_dev
33fccc2c b usb_hub_index
33fccc30 b hub_dev
33fccd30 b dev_index
33fccd34 B usb_started
33fccd35 b setup_packet
33fccd40 b running
33fccd44 b usb_dev_desc
33fccf60 b usb_ccb
33fccff0 b usb_stor_buf
33fcd1f0 b usb_max_devs
33fcd1f4 b usb_stor
33fcd2f8 b CBWTag
33fcd2fc b xyz
33fcd738 B flash_info
33fcd7e4 B ___strtok
33fcd7e8 b timestamp
33fcd7ec b lastdec
33fcd7f0 B timer_load_val
33fcd7f4 b timer_clk
33fcd800 B ptd
33fcd804 b ohci_inited
33fcd808 b gohci
33fcd8d0 B urb_priv
33fcd9a4 B phcca
33fcda00 B ghcca
33fcdb00 B ohci_dev
33fcdca0 B gtd
33fcece0 B urb_finished
33fcece4 B devgone
33fcece8 B got_rhsc
33fced00 b mmc_dev
33fced6c b resp.3826
33fced80 b sdi
33fced88 b mmc_csd
33fceda0 b mmc_ready
33fceda4 b wide
33fceda8 b mmc_buf
33fcefa8 b params
33fcefac b part_offset
33fcefb0 b cur_dev
33fcefb4 B get_vfatname_block
33fdefb4 B do_fat_read_block
33feefb4 B get_dentfromdir_block
33ffefb4 b current_part
33ffefb8 b nand_cache
33ffefbc b dm9000_info
33fff09c b pGD
33fff0a0 b video_fb_address
33fff0a4 b eorx
33fff0a8 b bgx
33fff0ac b console_col
33fff0b0 b console_row
33fff0b4 b video_console_address
33fff0b8 b fgx
33fff0bc B smi
33fff14c A _end
