Archive member included because of file (symbol)

lib_arm/libarm.a(board.o)     cpu/arm920t/start.o (start_armboot)
lib_arm/libarm.a(interrupts.o)
                              lib_arm/libarm.a(board.o) (enable_interrupts)
net/libnet.a(eth.o)           lib_arm/libarm.a(board.o) (eth_initialize)
net/libnet.a(net.o)           lib_arm/libarm.a(board.o) (copy_filename)
net/libnet.a(nfs.o)           net/libnet.a(net.o) (NfsStart)
net/libnet.a(rarp.o)          net/libnet.a(net.o) (RarpRequest)
net/libnet.a(tftp.o)          net/libnet.a(net.o) (TftpStart)
net/libnet.a(bootp.o)         net/libnet.a(net.o) (BootpRequest)
drivers/i2c/libi2c.a(s3c24x0_i2c.o)
                              lib_arm/libarm.a(board.o) (i2c_init)
drivers/mtd/nand/libnand.a(nand.o)
                              lib_arm/libarm.a(board.o) (nand_init)
drivers/mtd/nand/libnand.a(nand_base.o)
                              drivers/mtd/nand/libnand.a(nand.o) (nand_scan)
drivers/mtd/nand/libnand.a(nand_bbt.o)
                              drivers/mtd/nand/libnand.a(nand_base.o) (nand_isbad_bbt)
drivers/mtd/nand/libnand.a(nand_ecc.o)
                              drivers/mtd/nand/libnand.a(nand_base.o) (nand_calculate_ecc)
drivers/mtd/nand/libnand.a(nand_ids.o)
                              drivers/mtd/nand/libnand.a(nand_base.o) (nand_flash_ids)
drivers/mtd/nand/libnand.a(s3c2410_nand.o)
                              drivers/mtd/nand/libnand.a(nand.o) (board_nand_init)
drivers/serial/libserial.a(serial_s3c24x0.o)
                              lib_arm/libarm.a(board.o) (serial_init)
drivers/usb/slave/libusb_slave.a(interrupt.o)
                              cpu/arm920t/start.o (IRQ_Handle)
drivers/usb/slave/libusb_slave.a(usbmain.o)
                              drivers/usb/slave/libusb_slave.a(interrupt.o) (IsrUsbd)
drivers/usb/slave/libusb_slave.a(usbout.o)
                              drivers/usb/slave/libusb_slave.a(interrupt.o) (IsrDma2)
drivers/usb/slave/libusb_slave.a(usbsetup.o)
                              drivers/usb/slave/libusb_slave.a(usbmain.o) (InitDescriptorTable)
drivers/usb/slave/libusb_slave.a(usbinit.o)
                              drivers/usb/slave/libusb_slave.a(usbout.o) (download_run)
drivers/usb/slave/libusb_slave.a(usbin.o)
                              drivers/usb/slave/libusb_slave.a(usbmain.o) (PrepareEp1Fifo)
drivers/usb/slave/libusb_slave.a(usblib.o)
                              drivers/usb/slave/libusb_slave.a(usbmain.o) (ReconfigUsbd)
common/libcommon.a(cmd_bdinfo.o)
                              (__u_boot_cmd_bdinfo)
common/libcommon.a(cmd_bmp.o)
                              (__u_boot_cmd_bmp)
common/libcommon.a(cmd_boot.o)
                              (__u_boot_cmd_go)
common/libcommon.a(cmd_bootm.o)
                              lib_arm/libarm.a(board.o) (load_addr)
common/libcommon.a(cmd_cache.o)
                              (__u_boot_cmd_icache)
common/libcommon.a(cmd_console.o)
                              (__u_boot_cmd_coninfo)
common/libcommon.a(cmd_date.o)
                              (__u_boot_cmd_date)
common/libcommon.a(cmd_echo.o)
                              (__u_boot_cmd_echo)
common/libcommon.a(cmd_eeprom.o)
                              (__u_boot_cmd_eeprom)
common/libcommon.a(cmd_elf.o)
                              (__u_boot_cmd_bootelf)
common/libcommon.a(cmd_fat.o)
                              (__u_boot_cmd_fatload)
common/libcommon.a(cmd_flash.o)
                              (__u_boot_cmd_flinfo)
common/libcommon.a(cmd_help.o)
                              (__u_boot_cmd_help)
common/libcommon.a(cmd_i2c.o)
                              (__u_boot_cmd_i2c)
common/libcommon.a(cmd_itest.o)
                              (__u_boot_cmd_itest)
common/libcommon.a(cmd_jffs2.o)
                              (__u_boot_cmd_fsload)
common/libcommon.a(cmd_load.o)
                              (__u_boot_cmd_loads)
common/libcommon.a(cmd_mem.o)
                              (__u_boot_cmd_md)
common/libcommon.a(cmd_misc.o)
                              (__u_boot_cmd_sleep)
common/libcommon.a(cmd_mmc.o)
                              (__u_boot_cmd_mmc)
common/libcommon.a(cmd_nand.o)
                              (__u_boot_cmd_nand)
common/libcommon.a(cmd_net.o)
                              (__u_boot_cmd_bootp)
common/libcommon.a(cmd_nvedit.o)
                              net/libnet.a(eth.o) (get_env_id)
common/libcommon.a(cmd_reginfo.o)
                              (__u_boot_cmd_reginfo)
common/libcommon.a(cmd_source.o)
                              (__u_boot_cmd_source)
common/libcommon.a(cmd_usb.o)
                              (__u_boot_cmd_usb)
common/libcommon.a(cmd_usbslave.o)
                              (__u_boot_cmd_usbslave)
common/libcommon.a(cmd_version.o)
                              (__u_boot_cmd_version)
common/libcommon.a(cmd_ximg.o)
                              (__u_boot_cmd_imxtract)
common/libcommon.a(command.o)
[...]
Memory Configuration

Name             Origin             Length             Attributes
*default*        0x00000000         0xffffffff

Linker script and memory map

                0x00000000                . = 0x0
                0x00000000                . = ALIGN (0x4)

.text           0x33f80000    0x2bc10
 cpu/arm920t/start.o(.text)
 .text          0x33f80000      0x500 cpu/arm920t/start.o
                0x33f80050                IRQ_STACK_START
                0x33f80048                _bss_start
                0x33f8004c                _bss_end
                0x33f80044                _armboot_start
                0x33f80000                _start
                0x33f80054                FIQ_STACK_START
 board/sun/smdk2440a/lowlevel_init.o(.text)
 .text          0x33f80500       0x64 board/sun/smdk2440a/lowlevel_init.o
                0x33f80504                lowlevel_init
 board/sun/smdk2440a/nand_read.o(.text)
 .text          0x33f80564      0x304 board/sun/smdk2440a/nand_read.o
                0x33f80640                nand_read_ll
 *(.text)
 .text          0x33f80868      0x260 lib_arm/libarm.a(board.o)
                0x33f80880                __yellow_LED_off
                0x33f80874                green_LED_on
                0x33f808a8                hang
                0x33f80874                __green_LED_on
                0x33f8087c                __yellow_LED_on
                0x33f8087c                yellow_LED_on
                0x33f80878                __green_LED_off
                0x33f80870                __red_LED_off
                0x33f80950                start_armboot
                0x33f80888                blue_LED_off
                0x33f80868                coloured_LED_init
                0x33f80888                __blue_LED_off
                0x33f80884                blue_LED_on
                0x33f80880                yellow_LED_off
                0x33f80870                red_LED_off
                0x33f80878                green_LED_off
                0x33f80868                __coloured_LED_init
                0x33f8086c                red_LED_on
                0x33f80884                __blue_LED_on
                0x33f8086c                __red_LED_on
 .text          0x33f80ac8      0x294 lib_arm/libarm.a(interrupts.o)
                0x33f80c50                do_fiq
                0x33f80d28                interrupt_init
                0x33f80d04                do_undefined_instruction
                0x33f80af4                show_regs
                0x33f80c34                bad_mode
                0x33f80cbc                do_prefetch_abort
                0x33f80ad8                disable_interrupts
                0x33f80c74                do_not_used
                0x33f80c98                do_data_abort
                0x33f80ce0                do_software_interrupt
                0x33f80ac8                enable_interrupts
 .text          0x33f80d5c      0x750 net/libnet.a(eth.o)
                0x33f80eb4                eth_get_dev_by_name
                0x33f80e00                eth_halt
                0x33f80d5c                cpu_eth_init
                0x33f8105c                eth_register
                0x33f8117c                eth_getenv_enetaddr
                0x33f80d64                eth_get_dev
                0x33f81120                eth_parse_enetaddr
                0x33f80fac                eth_try_another
                0x33f811d4                eth_getenv_enetaddr_by_index
                0x33f812dc                eth_initialize
                0x33f80f08                eth_set_current
                0x33f80e68                eth_rx
                0x33f80db4                eth_get_dev_index
                0x33f81220                eth_init
                0x33f810e8                eth_setenv_enetaddr
                0x33f80e94                eth_get_name
                0x33f80d74                eth_get_dev_by_index
                0x33f80e34                eth_send
 .text          0x33f814ac     0x1358 net/libnet.a(net.o)
                0x33f81530                NetCksumOk
                0x33f81710                NetSetTimeout
                0x33f81554                copy_filename
                0x33f81608                NetEthHdrSize
                0x33f816a4                ip_to_string
                0x33f8234c                ArpTimeoutCheck
                0x33f81958                NetReceive
                0x33f820ec                NetSendUDPPacket
                0x33f81840                NetSetEther
                0x33f823d0                NetLoop
                0x33f81ec4                ArpRequest
                0x33f816f4                random_port
                0x33f8164c                VLAN_to_string
                0x33f815f8                getenv_VLAN
                0x33f814e8                NetCksum
                0x33f81748                NetSetIP
                0x33f815ac                string_to_VLAN
                0x33f82244                NetStartAgain
                0x33f814d8                NetSetHandler
                0x33f81fb0                PingSend
                0x33f81954                NetSendPacket
 .text          0x33f82804      0xe98 net/libnet.a(nfs.o)
                0x33f83008                NfsStart
 .text          0x33f8369c      0x1ac net/libnet.a(rarp.o)
                0x33f8369c                RarpRequest
 .text          0x33f83848      0x7b0 net/libnet.a(tftp.o)
                0x33f839ec                TftpStart
 .text          0x33f83ff8      0x9e8 net/libnet.a(bootp.o)
                0x33f8463c                DhcpRequest
                0x33f84474                BootpRequest
 .text          0x33f849e0      0x6a8 drivers/i2c/libi2c.a(s3c24x0_i2c.o)
                0x33f84d94                i2c_write
                0x33f84eec                i2c_probe
                0x33f84e3c                i2c_read
                0x33f84f28                i2c_init
 .text          0x33f85088       0xb8 drivers/mtd/nand/libnand.a(nand.o)
                0x33f85088                nand_init
 .text          0x33f85140     0x3d34 drivers/mtd/nand/libnand.a(nand_base.o)
                0x33f88254                nand_wait_ready
                0x33f865ec                nand_scan_ident
                0x33f87160                nand_scan
                0x33f87d94                nand_erase_nand
                0x33f86b98                nand_scan_tail
                0x33f865a4                nand_release
 .text          0x33f88e74     0x1820 drivers/mtd/nand/libnand.a(nand_bbt.o)
                0x33f88f78                nand_isbad_bbt
                0x33f8a5d0                nand_default_bbt
                0x33f89e84                nand_update_bbt
                0x33f8a158                nand_scan_bbt
 .text          0x33f8a694      0x224 drivers/mtd/nand/libnand.a(nand_ecc.o)
                0x33f8a78c                nand_correct_data
                0x33f8a694                nand_calculate_ecc
 .text          0x33f8a8b8        0x0 drivers/mtd/nand/libnand.a(nand_ids.o)
 .text          0x33f8a8b8      0x100 drivers/mtd/nand/libnand.a(s3c2410_nand.o)
                0x33f8a944                board_nand_init
 .text          0x33f8a9b8      0x138 drivers/serial/libserial.a(serial_s3c24x0.o)
                0x33f8aa80                _serial_setbrg
                0x33f8aae8                serial_setbrg
                0x33f8aa2c                _serial_tstc
                0x33f8aa40                serial_tstc
                0x33f8a9ec                serial_putc
                0x33f8aa48                _serial_puts
                0x33f8aaa8                serial_init
                0x33f8aa78                serial_puts
                0x33f8a9c4                _serial_getc
                0x33f8a9e4                serial_getc
                0x33f8a9f4                _serial_putc
 .text          0x33f8aaf0      0x2c0 drivers/usb/slave/libusb_slave.a(interrupt.o)
                0x33f8ac9c                Dummy_isr
                0x33f8aaf0                ClearPending_my
                0x33f8abac                Isr_Init
                0x33f8ab58                IsrWatchdog
                0x33f8ab04                Timer_InitEx
                0x33f8acc4                Timer_StopEx
                0x33f8ad48                Timer_StartEx
                0x33f8ac44                IRQ_Handle
                0x33f8ab8c                IsrTimer4
 .text          0x33f8adb0      0x10c drivers/usb/slave/libusb_slave.a(usbmain.o)
                0x33f8ade0                DbgPrintf
                0x33f8aea8                UsbdMain
                0x33f8adb0                _WrDbgStrFifo
                0x33f8adec                IsrUsbd
 .text          0x33f8aebc      0x3a0 drivers/usb/slave/libusb_slave.a(usbout.o)
                0x33f8b0bc                Ep3Handler
                0x33f8af10                ClearEp3OutPktReady
                0x33f8af38                IsrDma2
 .text          0x33f8b25c      0x9a8 drivers/usb/slave/libusb_slave.a(usbsetup.o)
                0x33f8b25c                InitDescriptorTable
                0x33f8b380                Ep0Handler
 .text          0x33f8bc04      0x3a4 drivers/usb/slave/libusb_slave.a(usbinit.o)
                0x33f8bc1c                HaltDabort
                0x33f8bc44                HaltSwi
                0x33f8bc58                HaltUndef
                0x33f8bce0                awaitkey
                0x33f8bc04                udc_disconnect
                0x33f8bc6c                usb_init_slave
                0x33f8bc30                HaltPabort
                0x33f8bd50                usb_receive
 .text          0x33f8bfa8       0xac drivers/usb/slave/libusb_slave.a(usbin.o)
                0x33f8bfa8                PrepareEp1Fifo
                0x33f8c010                Ep1Handler
 .text          0x33f8c054      0x36c drivers/usb/slave/libusb_slave.a(usblib.o)
                0x33f8c1a4                RdPktEp0
                0x33f8c244                RdPktEp3
                0x33f8c294                ConfigEp3DmaMode
                0x33f8c184                ConfigUsbd
                0x33f8c21c                WrPktEp2
                0x33f8c368                ConfigEp3IntMode
                0x33f8c26c                RdPktEp4
                0x33f8c1cc                WrPktEp0
                0x33f8c1f4                WrPktEp1
                0x33f8c054                ReconfigUsbd
 .text          0x33f8c3c0       0xec common/libcommon.a(cmd_bdinfo.o)
                0x33f8c3d4                do_bdinfo
 .text          0x33f8c4ac      0x2d0 common/libcommon.a(cmd_bmp.o)
                0x33f8c4ac                gunzip_bmp
                0x33f8c550                do_bmp
 .text          0x33f8c77c       0x94 common/libcommon.a(cmd_boot.o)
                0x33f8c798                do_go
                0x33f8c77c                do_go_exec
 .text          0x33f8c810      0xa40 common/libcommon.a(cmd_bootm.o)
                0x33f8ca4c                do_bootd
                0x33f8c838                arch_preboot_os
                0x33f8d094                do_bootm
                0x33f8ced4                do_bootm_subcommand
                0x33f8c838                __arch_preboot_os
                0x33f8c9e0                do_iminfo
 .text          0x33f8d250      0x12c common/libcommon.a(cmd_cache.o)
                0x33f8d28c                do_dcache
                0x33f8d304                do_icache
 .text          0x33f8d37c       0xe4 common/libcommon.a(cmd_console.o)
                0x33f8d37c                do_coninfo
 .text          0x33f8d460      0x338 common/libcommon.a(cmd_date.o)
                0x33f8d674                do_date
                0x33f8d4a4                mk_date
 .text          0x33f8d798       0x7c common/libcommon.a(cmd_echo.o)
                0x33f8d798                do_echo
 .text          0x33f8d814      0x21c common/libcommon.a(cmd_eeprom.o)
                0x33f8d91c                do_eeprom
                0x33f8d830                eeprom_write
                0x33f8d8a8                eeprom_read
                0x33f8d814                eeprom_init
                0x33f8d824                eeprom_probe
 .text          0x33f8da30      0x470 common/libcommon.a(cmd_elf.o)
                0x33f8de08                do_bootelf
                0x33f8db3c                do_bootvx
                0x33f8dac8                valid_elf_image
                0x33f8ddc8                do_bootelf_exec
                0x33f8da30                load_elf_image
 .text          0x33f8dea0      0x35c common/libcommon.a(cmd_fat.o)
                0x33f8e07c                do_fat_fsload
                0x33f8dea0                do_fat_fsinfo
                0x33f8df78                do_fat_ls
 .text          0x33f8e1fc      0xb08 common/libcommon.a(cmd_flash.o)
                0x33f8ec88                do_flinfo
                0x33f8ea24                flash_sect_erase
                0x33f8e778                do_protect
                0x33f8eb04                do_flerase
                0x33f8e470                flash_sect_protect
                0x33f8e1fc                flash_sect_roundb
 .text          0x33f8ed04       0x4c common/libcommon.a(cmd_help.o)
                0x33f8ed04                do_help
 .text          0x33f8ed50      0xa98 common/libcommon.a(cmd_i2c.o)
                0x33f8f5d8                do_i2c
                0x33f8ed70                __def_i2c_get_bus_speed
                0x33f8ed7c                __def_i2c_set_bus_speed
                0x33f8f48c                do_i2c_crc
                0x33f8f13c                do_i2c_mw
                0x33f8ed7c                i2c_set_bus_speed
                0x33f8f260                do_i2c_probe
                0x33f8ed94                do_i2c_bus_speed
                0x33f8f2ac                do_i2c_md
                0x33f8ed70                i2c_get_bus_speed
                0x33f8f030                do_i2c_loop
 .text          0x33f8f7e8      0x304 common/libcommon.a(cmd_itest.o)
                0x33f8f870                binary_test
                0x33f8fa50                do_itest
 .text          0x33f8faec      0x650 common/libcommon.a(cmd_jffs2.o)
                0x33f8fb8c                mtdparts_init
                0x33f8ff4c                do_jffs2_fsinfo
                0x33f8ffa8                do_jffs2_ls
                0x33f90000                do_jffs2_fsload
 .text          0x33f9013c      0xe54 common/libcommon.a(cmd_load.o)
                0x33f901c8                k_data_init
                0x33f902a8                s1_sendpacket
                0x33f902d4                handle_send_packet
                0x33f90208                k_data_restore
                0x33f90498                send_nack
                0x33f907f8                do_load_serial_bin
                0x33f90228                k_data_char
                0x33f9015c                chk1
                0x33f901e8                k_data_save
                0x33f9013c                ktrans
                0x33f90278                send_pad
                0x33f904f8                send_ack
                0x33f90eb4                do_load_serial
 .text          0x33f90f90      0xad0 common/libcommon.a(cmd_mem.o)
                0x33f910c8                do_mem_base
                0x33f91544                do_mem_mw
                0x33f9101c                do_mem_crc
                0x33f91948                do_mem_nm
                0x33f91968                do_mem_mm
                0x33f90f90                do_unzip
                0x33f9160c                do_mem_cp
                0x33f9110c                do_mem_mtest
                0x33f913ac                do_mem_cmp
                0x33f912b4                do_mem_loop
                0x33f91988                do_mem_md
 .text          0x33f91a60       0x84 common/libcommon.a(cmd_misc.o)
                0x33f91a60                do_sleep
 .text          0x33f91ae4      0x13c common/libcommon.a(cmd_mmc.o)
                0x33f91ae4                do_mmc
 .text          0x33f91c20      0xf14 common/libcommon.a(cmd_nand.o)
                0x33f91d9c                do_nandboot
                0x33f922fc                do_nand
 .text          0x33f92b34      0x3c4 common/libcommon.a(cmd_net.o)
                0x33f92ed4                do_rarpb
                0x33f92b34                do_ping
                0x33f92ee0                do_tftpb
                0x33f92ec8                do_dhcp
                0x33f92eec                do_bootp
                0x33f92ebc                do_nfs
 .text          0x33f92ef8      0x9c4 common/libcommon.a(cmd_nvedit.o)
                0x33f9303c                getenv
                0x33f930a4                _do_setenv
                0x33f934e8                do_askenv
                0x33f92f6c                getenv_r
                0x33f93828                do_printenv
                0x33f9368c                setenv
                0x33f92ef8                get_env_id
                0x33f93010                do_saveenv
                0x33f93660                do_setenv
                0x33f936d8                do_editenv
                0x33f92f0c                envmatch
                0x33f92f08                this_is_a_joke
 .text          0x33f938bc        0x8 common/libcommon.a(cmd_reginfo.o)
                0x33f938bc                do_reginfo
 .text          0x33f938c4      0x200 common/libcommon.a(cmd_source.o)
                0x33f938e4                source
                0x33f93a7c                do_source
 .text          0x33f93ac4     0x116c common/libcommon.a(cmd_usb.o)
                0x33f945ac                usb_display_conf_desc
                0x33f9415c                usb_show_tree_graph
                0x33f93ac4                usb_get_class_desc
                0x33f93b6c                usb_display_ep_desc
                0x33f943b8                usb_display_desc
                0x33f93c3c                usb_display_class_sub
                0x33f94384                usb_show_tree
                0x33f944e8                usb_display_string
                0x33f94524                usb_display_if_desc
                0x33f94658                usb_display_config
                0x33f93db0                do_usbboot
                0x33f946e8                do_usb
 .text          0x33f94c30      0x14c common/libcommon.a(cmd_usbslave.o)
                0x33f94c30                do_usbslave
 .text          0x33f94d7c       0x20 common/libcommon.a(cmd_version.o)
                0x33f94d7c                do_version
 .text          0x33f94d9c      0x2d8 common/libcommon.a(cmd_ximg.o)
                0x33f94d9c                do_imgextract
 .text          0x33f95074      0x87c common/libcommon.a(command.o)
                0x33f951d4                find_cmd_tbl
                0x33f950ec                cmd_usage
                0x33f95294                cmd_auto_complete
                0x33f9526c                find_cmd
                0x33f95074                cmd_get_data_size
                0x33f95774                _do_help
                0x33f95734                install_auto_complete
                0x33f9514c                var_complete
 .text          0x33f958f0      0x5cc common/libcommon.a(console.o)
                0x33f95ce4                console_init_r
                0x33f95be8                printf
                0x33f95b78                console_assign
                0x33f95a98                getc
                0x33f95b50                search_device
                0x33f95b34                puts
                0x33f95a7c                dbg
                0x33f95e78                serial_printf
                0x33f959c8                ftstc
                0x33f95e2c                fprintf
                0x33f95ab0                tstc
                0x33f95bb8                vprintf
                0x33f95ac8                ctrlc
                0x33f95b18                putc
                0x33f95a40                disable_ctrlc
                0x33f959a0                fgetc
                0x33f95a58                had_ctrlc
                0x33f959f0                fputc
                0x33f95a88                console_init_f
                0x33f95a68                clear_ctrlc
                0x33f95c2c                stdio_print_current_devices
                0x33f95a18                fputs
 .text          0x33f95ebc     0x10b4 common/libcommon.a(dlmalloc.o)
                0x33f961fc                malloc
                0x33f96920                pvalloc
                0x33f969f4                calloc
                0x33f96944                malloc_usable_size
                0x33f96ad4                mem_malloc_init
                0x33f96b00                realloc
                0x33f95ef0                malloc_trim
                0x33f95ebc                sbrk
                0x33f96988                mallopt
                0x33f96810                memalign
                0x33f961f8                cfree
                0x33f96938                valloc
                0x33f95fbc                free
 .text          0x33f96f70      0x278 common/libcommon.a(env_common.o)
                0x33f96fb0                env_get_char
                0x33f96f90                env_get_addr
                0x33f97140                set_default_env
                0x33f96fe0                env_complete
                0x33f97188                env_relocate
                0x33f97114                env_crc_update
                0x33f96f70                env_get_char_memory
 .text          0x33f971e8      0x29c common/libcommon.a(env_nand.o)
                0x33f97398                env_relocate_spec
                0x33f973e4                saveenv
                0x33f971f8                env_get_char_spec
                0x33f97204                env_init
                0x33f97220                writeenv
                0x33f972d0                readenv
 .text          0x33f97484      0x1e4 common/libcommon.a(exports.o)
                0x33f97490                jumptable_init
                0x33f97488                get_version
 .text          0x33f97668      0x384 common/libcommon.a(flash.o)
                0x33f97888                flash_write
                0x33f97668                flash_protect
                0x33f97760                addr2info
                0x33f977a8                flash_perror
 .text          0x33f979ec      0x7f4 common/libcommon.a(image.o)
                0x33f97ce4                getenv_bootm_size
                0x33f97d18                image_print_contents
                0x33f97b30                genimg_get_comp_id
                0x33f97b78                genimg_get_os_id
                0x33f97a50                get_table_entry_name
                0x33f97adc                genimg_has_config
                0x33f97b60                genimg_get_arch_id
                0x33f97a90                genimg_get_arch_name
                0x33f97f94                boot_get_ramdisk
                0x33f97f40                image_check_hcrc
                0x33f97a78                genimg_get_os_name
                0x33f97aa8                genimg_get_type_name
                0x33f97bb4                genimg_get_format
                0x33f97ac0                genimg_get_comp_name
                0x33f97ef8                image_check_dcrc
                0x33f97c5c                genimg_print_size
                0x33f97c8c                getenv_bootm_low
                0x33f97ad8                genimg_get_image
                0x33f97b48                genimg_get_type_id
                0x33f97a28                image_multi_count
                0x33f97c88                memmove_wd
                0x33f97ae4                get_table_entry_id
                0x33f97bd8                image_multi_getimg
                0x33f97cc0                getenv_yesno
 .text          0x33f981e0     0x125c common/libcommon.a(main.o)
                0x33f981e0                __show_boot_progress
                0x33f98270                run_command
                0x33f986d8                do_run
                0x33f981e4                parse_line
                0x33f9929c                readline
                0x33f981e0                show_boot_progress
                0x33f992b8                main_loop
                0x33f9896c                readline_into_buffer
 .text          0x33f9943c      0x2dc common/libcommon.a(s_record.o)
                0x33f994a8                srec_decode
 .text          0x33f99718      0x1f0 common/libcommon.a(stdio.o)
                0x33f99734                stdio_clone
                0x33f99720                nulldev_input
                0x33f99728                stdio_get_list
                0x33f998b4                stdio_get_by_name
                0x33f99718                nulldev_putc
                0x33f997bc                stdio_init
                0x33f9971c                nulldev_puts
                0x33f9977c                stdio_register
 .text          0x33f99908     0x16a8 common/libcommon.a(usb.o)
                0x33f9a3e4                usb_set_idle
                0x33f99920                usb_maxpacket
                0x33f9abb8                usb_hub_probe
                0x33f99c9c                usb_stop
                0x33f9af34                usb_init
                0x33f99908                usb_disable_asynch
                0x33f9a724                usb_clear_halt
                0x33f99cfc                usb_bulk_msg
                0x33f9a304                usb_get_class_descriptor
                0x33f9aeb8                usb_scan_devices
                0x33f9a018                usb_get_hub_descriptor
                0x33f99e50                usb_get_port_status
                0x33f99c98                usb_submit_int_msg
                0x33f99b44                usb_parse_config
                0x33f99d60                usb_control_msg
                0x33f9a448                usb_set_protocol
                0x33f9a8bc                usb_hub_port_connect_change
                0x33f9a510                usb_set_interface
                0x33f99a60                usb_hub_allocate
                0x33f9a204                usb_string
                0x33f9a374                usb_get_report
                0x33f9a620                usb_get_descriptor
                0x33f9a9b0                usb_hub_configure
                0x33f9a074                usb_get_string
                0x33f99cd8                wait_ms
                0x33f99fc4                usb_clear_hub_feature
                0x33f9a68c                usb_get_configuration_no
                0x33f99f64                usb_clear_port_feature
                0x33f99f04                usb_set_port_feature
                0x33f9ac18                usb_new_device
                0x33f99eb0                usb_get_hub_status
                0x33f9a4a8                usb_set_configuration
                0x33f999b8                usb_set_maxpacket
                0x33f9a5dc                usb_set_address
                0x33f99aa4                usb_alloc_new_device
                0x33f99a4c                usb_hub_reset
                0x33f99a1c                usb_get_dev_index
 .text          0x33f9afb0     0x15b8 common/libcommon.a(usb_storage.o)
                0x33f9b39c                usb_storage_probe
                0x33f9c304                usb_stor_CB_transport
                0x33f9bd5c                usb_stor_CB_comdat
                0x33f9b7ec                usb_stor_write
                0x33f9afd0                usb_stor_get_dev
                0x33f9b9f8                usb_stor_read
                0x33f9b00c                usb_show_progress
                0x33f9bc04                usb_stor_scan
                0x33f9bf8c                usb_stor_BBB_comdat
                0x33f9c4f8                usb_stor_info
                0x33f9b0f0                usb_stor_get_info
                0x33f9b5cc                usb_stor_BBB_clear_endpt_stall
                0x33f9c234                usb_stor_CBI_get_status
                0x33f9c068                usb_stor_BBB_transport
 .text          0x33f9c568      0x9e0 common/libcommon.a(xyzModem.o)
                0x33f9c690                xyzModem_error
                0x33f9c72c                xyzModem_stream_close
                0x33f9c780                CYGACC_COMM_IF_GETC_TIMEOUT
                0x33f9c568                parse_num
                0x33f9c7fc                xyzModem_stream_terminate
                0x33f9cde4                xyzModem_stream_open
                0x33f9c778                CYGACC_COMM_IF_PUTC
                0x33f9cb58                xyzModem_stream_read
 .text          0x33f9cf48      0x1cc board/sun/smdk2440a/libsmdk2440a.a(smdk2440a.o)
                0x33f9cf54                dram_init
                0x33f9cf78                board_video_init
                0x33f9cf74                board_eth_init
                0x33f9cffc                board_init
 .text          0x33f9d114      0x594 board/sun/smdk2440a/libsmdk2440a.a(flash.o)
                0x33f9d460                flash_erase
                0x33f9d600                flash_init
                0x33f9d328                flash_print_info
                0x33f9d1b4                write_buff
 .text          0x33f9d6a8       0x48 lib_generic/libgeneric.a(crc16.o)
                0x33f9d6a8                cyg_crc16
 .text          0x33f9d6f0      0x110 lib_generic/libgeneric.a(crc32.o)
                0x33f9d7e8                crc32
                0x33f9d7fc                crc32_wd
                0x33f9d6f0                crc32_no_comp
 .text          0x33f9d800        0x0 lib_generic/libgeneric.a(ctype.o)
 .text          0x33f9d800      0x248 lib_generic/libgeneric.a(display_options.o)
                0x33f9d8e8                print_buffer
                0x33f9d8c8                display_options
                0x33f9d800                print_size
 .text          0x33f9da48      0x1d4 lib_generic/libgeneric.a(gunzip.o)
                0x33f9db3c                gunzip
                0x33f9dc04                zfree
                0x33f9da48                zunzip
                0x33f9dc0c                zalloc
 .text          0x33f9dc1c       0x74 lib_generic/libgeneric.a(net_utils.o)
                0x33f9dc1c                string_to_ip
 .text          0x33f9dc90      0x648 lib_generic/libgeneric.a(string.o)
                0x33f9dc90                strcpy
                0x33f9e1e4                memscan
                0x33f9e148                memmove
                0x33f9e0cc                memcpy
                0x33f9dfd8                strswab
                0x33f9de78                strnlen
                0x33f9de40                strrchr
                0x33f9dcd4                strcat
                0x33f9e278                memchr
                0x33f9e214                strstr
                0x33f9dda4                strncmp
                0x33f9dcac                strncpy
                0x33f9e0a0                bcopy
                0x33f9df24                strtok
                0x33f9e1a4                memcmp
                0x33f9dd08                strncat
                0x33f9e2a8                strdup
                0x33f9e024                memset
                0x33f9dd6c                strcmp
                0x33f9dfa4                strsep
                0x33f9dea0                strspn
                0x33f9de20                strlen
                0x33f9ddf4                strchr
                0x33f9dee4                strpbrk
 .text          0x33f9e2d8       0x2c lib_generic/libgeneric.a(time.o)
                0x33f9e2d8                udelay
 .text          0x33f9e304      0xeb8 lib_generic/libgeneric.a(vsprintf.o)
                0x33f9eb18                vsprintf
                0x33f9e424                ustrtoul
                0x33f9e3fc                simple_strtol
                0x33f9e680                panic
                0x33f9f194                sprintf
                0x33f9e348                simple_strtoul
                0x33f9e498                simple_strtoull
 .text          0x33f9f1bc     0x27d0 lib_generic/libgeneric.a(zlib.o)
                0x33fa0248                inflate
                0x33f9f1bc                inflate_fast
                0x33f9fe64                inflateInit_
                0x33f9fefc                adler32
                0x33fa0238                zcfree
                0x33f9fcbc                inflateReset
                0x33fa0240                zcalloc
                0x33f9fe74                inflateEnd
                0x33f9fd5c                inflateInit2_
                0x33f9f728                inflate_table
 .text          0x33fa198c       0xf4 lib_generic/libgeneric.a(div64.o)
                0x33fa198c                __div64_32
 .text          0x33fa1a80       0x18 cpu/arm920t/s3c24x0/libs3c24x0.a(interrupts.o)
                0x33fa1a90                arch_interrupt_init
                0x33fa1a80                do_irq
 .text          0x33fa1a98      0x174 cpu/arm920t/s3c24x0/libs3c24x0.a(speed.o)
                0x33fa1b2c                get_HCLK
                0x33fa1be0                get_PCLK
                0x33fa1b24                get_FCLK
                0x33fa1b1c                get_UCLK
 .text          0x33fa1c0c      0x25c cpu/arm920t/s3c24x0/libs3c24x0.a(timer.o)
                0x33fa1d5c                __udelay
                0x33fa1c24                set_timer
                0x33fa1c54                reset_timer
                0x33fa1db0                get_tbclk
                0x33fa1d48                get_timer
                0x33fa1c34                reset_timer_masked
                0x33fa1de0                timer_init
                0x33fa1d18                get_timer_masked
                0x33fa1ca4                udelay_masked
                0x33fa1db8                reset_cpu
                0x33fa1c58                get_ticks
 .text          0x33fa1e68     0x15fc cpu/arm920t/s3c24x0/libs3c24x0.a(usb_ohci.o)
                0x33fa1f74                rh_check_port_status
                0x33fa211c                usb_lowlevel_stop
                0x33fa2354                sohci_submit_job
                0x33fa1fc8                submit_int_msg
                0x33fa2dfc                submit_bulk_msg
                0x33fa2e14                submit_control_msg
                0x33fa2164                usb_lowlevel_init
                0x33fa2900                submit_common_msg
 .text          0x33fa3464      0xb38 cpu/arm920t/s3c24x0/libs3c24x0.a(mmc.o)
                0x33fa3470                mmc_ident
                0x33fa3d28                mmc_write
                0x33fa357c                mmc_init
                0x33fa3464                mmc_get_dev
                0x33fa3478                mmc2info
                0x33fa3f78                mmc_bread
                0x33fa3e6c                mmc_read
 .text          0x33fa3f9c      0x1d0 lib_arm/libarm.a(bootm.o)
                0x33fa3f9c                do_bootm_linux
 .text          0x33fa416c        0x4 lib_arm/libarm.a(cache.o)
                0x33fa416c                flush_cache
 .text          0x33fa4170       0xc8 lib_arm/libarm.a(cache-cp15.o)
                0x33fa4214                dcache_enable
                0x33fa41f0                icache_enable
                0x33fa41f8                icache_disable
                0x33fa4224                dcache_status
                0x33fa4200                icache_status
                0x33fa421c                dcache_disable
 .text          0x33fa4238       0x30 lib_arm/libarm.a(reset.o)
                0x33fa4238                do_reset
 .text          0x33fa4268     0x12fc fs/fat/libfat.a(fat.o)
                0x33fa542c                file_fat_read
                0x33fa4ad0                do_fat_read
                0x33fa5464                file_fat_ls
                0x33fa4970                file_fat_detectfs
                0x33fa4294                disk_read
                0x33fa5474                fat_register_device
 .text          0x33fa5564     0x1cc4 fs/jffs2/libjffs2.a(jffs2_1pass.o)
                0x33fa6580                jffs2_1pass_load
                0x33fa6094                jffs2_1pass_info
                0x33fa71d4                jffs2_1pass_ls
                0x33fa5a48                jffs2_1pass_rescan_needed
                0x33fa5564                mkmodestr
                0x33fa57a8                jffs2_free_cache
 .text          0x33fa7228       0xd8 fs/jffs2/libjffs2.a(compr_rtime.o)
                0x33fa7228                rtime_decompress
 .text          0x33fa7300      0x13c fs/jffs2/libjffs2.a(compr_rubin.o)
                0x33fa73fc                dynrubin_decompress
                0x33fa7300                rubin_do_decompress
 .text          0x33fa743c       0x18 fs/jffs2/libjffs2.a(compr_zlib.o)
                0x33fa743c                zlib_decompress
 .text          0x33fa7454      0x914 fs/jffs2/libjffs2.a(mini_inflate.o)
                0x33fa77d8                decompress_block
                0x33fa7478                pull_bits
                0x33fa74d4                pull_bit
                0x33fa7454                cramfs_memset
 .text          0x33fa7d68      0x374 disk/libdisk.a(part.o)
                0x33fa7e44                dev_print
                0x33fa7d68                print_part
                0x33fa8080                get_dev
                0x33fa8040                get_partition_info
                0x33fa8064                init_part
 .text          0x33fa80dc      0x4c8 disk/libdisk.a(part_dos.o)
                0x33fa83a0                get_partition_info_dos
                0x33fa8578                print_part_dos
                0x33fa8124                test_part_dos
 .text          0x33fa85a4      0x834 drivers/mtd/nand/libnand.a(nand_util.o)
                0x33fa8820                nand_write_skip_bad
                0x33fa8674                nand_read_skip_bad
                0x33fa8aa4                nand_erase_opts
 .text          0x33fa8dd8      0x890 drivers/net/libnet.a(dm9000x.o)
                0x33fa8fa8                dm9000_initialize
 .text          0x33fa9668      0x298 drivers/rtc/librtc.a(date.o)
                0x33fa9668                GregorianDay
                0x33fa986c                mktime
                0x33fa975c                to_tm
 .text          0x33fa9900      0x2b4 drivers/rtc/librtc.a(s3c24x0_rtc.o)
                0x33fa9ad0                rtc_set
                0x33fa9b8c                rtc_reset
                0x33fa9984                rtc_get
 .text          0x33fa9bb4     0x167c drivers/video/libvideo.a(cfb_console.o)
                0x33faa3cc                video_puts
                0x33faa60c                video_display_bitmap
                0x33faaf7c                drv_video_init
                0x33faa3fc                logo_plot
                0x33faa3c4                __board_video_skip
                0x33faa210                video_putc
                0x33faa3c4                board_video_skip
 .text          0x33fab230      0x254 drivers/video/libvideo.a(s3c2410_fb.o)
                0x33fab234                video_hw_init
                0x33fab230                video_set_lut
 .text          0x33fab484      0x48c drivers/video/libvideo.a(videomodes.o)
                0x33fab4ac                video_get_params
 .text          0x33fab910       0x20 cpu/arm920t/libarm920t.a(cpu.o)
                0x33fab910                cleanup_before_linux
 .text          0x33fab930       0x1c /home/u-boot-m/lib_arm/eabi_compat.o
                0x33fab930                raise
 .text          0x33fab94c      0x114 /usr/local/arm/4.3.2/bin/../lib/gcc/arm-none-linux-gnueabi/4.3.2/armv4t/libgcc.a(_udivsi3.o)
                0x33fab94c                __udivsi3
                0x33fab94c                __aeabi_uidiv
                0x33faba40                __aeabi_uidivmod
 .text          0x33faba60      0x148 /usr/local/arm/4.3.2/bin/../lib/gcc/arm-none-linux-gnueabi/4.3.2/armv4t/libgcc.a(_divsi3.o)
                0x33faba60                __aeabi_idiv
                0x33faba60                __divsi3
                0x33fabb88                __aeabi_idivmod
 .text          0x33fabba8       0x1c /usr/local/arm/4.3.2/bin/../lib/gcc/arm-none-linux-gnueabi/4.3.2/armv4t/libgcc.a(_lshrdi3.o)
                0x33fabba8                __aeabi_llsr
                0x33fabba8                __lshrdi3
 .text          0x33fabbc4       0x1c /usr/local/arm/4.3.2/bin/../lib/gcc/arm-none-linux-gnueabi/4.3.2/armv4t/libgcc.a(_ashrdi3.o)
                0x33fabbc4                __ashrdi3
                0x33fabbc4                __aeabi_lasr
 .text          0x33fabbe0       0x1c /usr/local/arm/4.3.2/bin/../lib/gcc/arm-none-linux-gnueabi/4.3.2/armv4t/libgcc.a(_ashldi3.o)
                0x33fabbe0                __ashldi3
                0x33fabbe0                __aeabi_llsl
 .text          0x33fabbfc       0x14 /usr/local/arm/4.3.2/bin/../lib/gcc/arm-none-linux-gnueabi/4.3.2/armv4t/libgcc.a(_dvmd_lnx.o)
                0x33fabbfc                __aeabi_ldiv0
                0x33fabbfc                __aeabi_idiv0

.glue_7         0x33fabc10        0x0
 .glue_7        0x33fabc10        0x0 cpu/arm920t/start.o
 .glue_7        0x33fabc10        0x0 board/sun/smdk2440a/lowlevel_init.o
 .glue_7        0x33fabc10        0x0 board/sun/smdk2440a/nand_read.o
 .glue_7        0x33fabc10        0x0 lib_arm/libarm.a(board.o)
 .glue_7        0x33fabc10        0x0 lib_arm/libarm.a(interrupts.o)
 .glue_7        0x33fabc10        0x0 net/libnet.a(eth.o)
 .glue_7        0x33fabc10        0x0 net/libnet.a(net.o)
 .glue_7        0x33fabc10        0x0 net/libnet.a(nfs.o)
 .glue_7        0x33fabc10        0x0 net/libnet.a(rarp.o)
 .glue_7        0x33fabc10        0x0 net/libnet.a(tftp.o)
 .glue_7        0x33fabc10        0x0 net/libnet.a(bootp.o)
 .glue_7        0x33fabc10        0x0 drivers/i2c/libi2c.a(s3c24x0_i2c.o)
 .glue_7        0x33fabc10        0x0 drivers/mtd/nand/libnand.a(nand.o)
 .glue_7        0x33fabc10        0x0 drivers/mtd/nand/libnand.a(nand_base.o)
 .glue_7        0x33fabc10        0x0 drivers/mtd/nand/libnand.a(nand_bbt.o)
 .glue_7        0x33fabc10        0x0 drivers/mtd/nand/libnand.a(nand_ecc.o)
 .glue_7        0x33fabc10        0x0 drivers/mtd/nand/libnand.a(nand_ids.o)
 .glue_7        0x33fabc10        0x0 drivers/mtd/nand/libnand.a(s3c2410_nand.o)
 .glue_7        0x33fabc10        0x0 drivers/serial/libserial.a(serial_s3c24x0.o)
 .glue_7        0x33fabc10        0x0 drivers/usb/slave/libusb_slave.a(interrupt.o)
 .glue_7        0x33fabc10        0x0 drivers/usb/slave/libusb_slave.a(usbmain.o)
 .glue_7        0x33fabc10        0x0 drivers/usb/slave/libusb_slave.a(usbout.o)
 .glue_7        0x33fabc10        0x0 drivers/usb/slave/libusb_slave.a(usbsetup.o)
 .glue_7        0x33fabc10        0x0 drivers/usb/slave/libusb_slave.a(usbinit.o)
 .glue_7        0x33fabc10        0x0 drivers/usb/slave/libusb_slave.a(usbin.o)
 .glue_7        0x33fabc10        0x0 drivers/usb/slave/libusb_slave.a(usblib.o)
 .glue_7        0x33fabc10        0x0 common/libcommon.a(cmd_bdinfo.o)
 .glue_7        0x33fabc10        0x0 common/libcommon.a(cmd_bmp.o)
 .glue_7        0x33fabc10        0x0 common/libcommon.a(cmd_boot.o)
 .glue_7        0x33fabc10        0x0 common/libcommon.a(cmd_bootm.o)
 .glue_7        0x33fabc10        0x0 common/libcommon.a(cmd_cache.o)
 .glue_7        0x33fabc10        0x0 common/libcommon.a(cmd_console.o)
 .glue_7        0x33fabc10        0x0 common/libcommon.a(cmd_date.o)
 .glue_7        0x33fabc10        0x0 common/libcommon.a(cmd_echo.o)
 .glue_7        0x33fabc10        0x0 common/libcommon.a(cmd_eeprom.o)
 .glue_7        0x33fabc10        0x0 common/libcommon.a(cmd_elf.o)
 .glue_7        0x33fabc10        0x0 common/libcommon.a(cmd_fat.o)
 .glue_7        0x33fabc10        0x0 common/libcommon.a(cmd_flash.o)
 .glue_7        0x33fabc10        0x0 common/libcommon.a(cmd_help.o)
 .glue_7        0x33fabc10        0x0 common/libcommon.a(cmd_i2c.o)
 .glue_7        0x33fabc10        0x0 common/libcommon.a(cmd_itest.o)
 .glue_7        0x33fabc10        0x0 common/libcommon.a(cmd_jffs2.o)
 .glue_7        0x33fabc10        0x0 common/libcommon.a(cmd_load.o)
 .glue_7        0x33fabc10        0x0 common/libcommon.a(cmd_mem.o)
 .glue_7        0x33fabc10        0x0 common/libcommon.a(cmd_misc.o)
 .glue_7        0x33fabc10        0x0 common/libcommon.a(cmd_mmc.o)
 .glue_7        0x33fabc10        0x0 common/libcommon.a(cmd_nand.o)
 .glue_7        0x33fabc10        0x0 common/libcommon.a(cmd_net.o)
 .glue_7        0x33fabc10        0x0 common/libcommon.a(cmd_nvedit.o)
 .glue_7        0x33fabc10        0x0 common/libcommon.a(cmd_reginfo.o)
 .glue_7        0x33fabc10        0x0 common/libcommon.a(cmd_source.o)
 .glue_7        0x33fabc10        0x0 common/libcommon.a(cmd_usb.o)
 .glue_7        0x33fabc10        0x0 common/libcommon.a(cmd_usbslave.o)
 .glue_7        0x33fabc10        0x0 common/libcommon.a(cmd_version.o)
 .glue_7        0x33fabc10        0x0 common/libcommon.a(cmd_ximg.o)
 .glue_7        0x33fabc10        0x0 common/libcommon.a(command.o)
 .glue_7        0x33fabc10        0x0 common/libcommon.a(console.o)
 .glue_7        0x33fabc10        0x0 common/libcommon.a(dlmalloc.o)
 .glue_7        0x33fabc10        0x0 common/libcommon.a(env_common.o)
 .glue_7        0x33fabc10        0x0 common/libcommon.a(env_nand.o)
 .glue_7        0x33fabc10        0x0 common/libcommon.a(exports.o)
 .glue_7        0x33fabc10        0x0 common/libcommon.a(flash.o)
 .glue_7        0x33fabc10        0x0 common/libcommon.a(image.o)
 .glue_7        0x33fabc10        0x0 common/libcommon.a(main.o)
 .glue_7        0x33fabc10        0x0 common/libcommon.a(s_record.o)
 .glue_7        0x33fabc10        0x0 common/libcommon.a(stdio.o)
 .glue_7        0x33fabc10        0x0 common/libcommon.a(usb.o)
 .glue_7        0x33fabc10        0x0 common/libcommon.a(usb_storage.o)
 .glue_7        0x33fabc10        0x0 common/libcommon.a(xyzModem.o)
 .glue_7        0x33fabc10        0x0 board/sun/smdk2440a/libsmdk2440a.a(smdk2440a.o)
 .glue_7        0x33fabc10        0x0 board/sun/smdk2440a/libsmdk2440a.a(flash.o)
 .glue_7        0x33fabc10        0x0 lib_generic/libgeneric.a(crc16.o)
 .glue_7        0x33fabc10        0x0 lib_generic/libgeneric.a(crc32.o)
 .glue_7        0x33fabc10        0x0 lib_generic/libgeneric.a(ctype.o)
 .glue_7        0x33fabc10        0x0 lib_generic/libgeneric.a(display_options.o)
 .glue_7        0x33fabc10        0x0 lib_generic/libgeneric.a(gunzip.o)
 .glue_7        0x33fabc10        0x0 lib_generic/libgeneric.a(net_utils.o)
 .glue_7        0x33fabc10        0x0 lib_generic/libgeneric.a(string.o)
 .glue_7        0x33fabc10        0x0 lib_generic/libgeneric.a(time.o)
 .glue_7        0x33fabc10        0x0 lib_generic/libgeneric.a(vsprintf.o)
 .glue_7        0x33fabc10        0x0 lib_generic/libgeneric.a(zlib.o)
 .glue_7        0x33fabc10        0x0 lib_generic/libgeneric.a(div64.o)
 .glue_7        0x33fabc10        0x0 cpu/arm920t/s3c24x0/libs3c24x0.a(interrupts.o)
 .glue_7        0x33fabc10        0x0 cpu/arm920t/s3c24x0/libs3c24x0.a(speed.o)
 .glue_7        0x33fabc10        0x0 cpu/arm920t/s3c24x0/libs3c24x0.a(timer.o)
 .glue_7        0x33fabc10        0x0 cpu/arm920t/s3c24x0/libs3c24x0.a(usb_ohci.o)
 .glue_7        0x33fabc10        0x0 cpu/arm920t/s3c24x0/libs3c24x0.a(mmc.o)
 .glue_7        0x33fabc10        0x0 lib_arm/libarm.a(bootm.o)
 .glue_7        0x33fabc10        0x0 lib_arm/libarm.a(cache.o)
 .glue_7        0x33fabc10        0x0 lib_arm/libarm.a(cache-cp15.o)
 .glue_7        0x33fabc10        0x0 lib_arm/libarm.a(reset.o)
 .glue_7        0x33fabc10        0x0 fs/fat/libfat.a(fat.o)
 .glue_7        0x33fabc10        0x0 fs/jffs2/libjffs2.a(jffs2_1pass.o)
 .glue_7        0x33fabc10        0x0 fs/jffs2/libjffs2.a(compr_rtime.o)
 .glue_7        0x33fabc10        0x0 fs/jffs2/libjffs2.a(compr_rubin.o)
 .glue_7        0x33fabc10        0x0 fs/jffs2/libjffs2.a(compr_zlib.o)
 .glue_7        0x33fabc10        0x0 fs/jffs2/libjffs2.a(mini_inflate.o)
 .glue_7        0x33fabc10        0x0 disk/libdisk.a(part.o)
 .glue_7        0x33fabc10        0x0 disk/libdisk.a(part_dos.o)
 .glue_7        0x33fabc10        0x0 drivers/mtd/nand/libnand.a(nand_util.o)
 .glue_7        0x33fabc10        0x0 drivers/net/libnet.a(dm9000x.o)
 .glue_7        0x33fabc10        0x0 drivers/rtc/librtc.a(date.o)
 .glue_7        0x33fabc10        0x0 drivers/rtc/librtc.a(s3c24x0_rtc.o)
 .glue_7        0x33fabc10        0x0 drivers/video/libvideo.a(cfb_console.o)
 .glue_7        0x33fabc10        0x0 drivers/video/libvideo.a(s3c2410_fb.o)
 .glue_7        0x33fabc10        0x0 drivers/video/libvideo.a(videomodes.o)
 .glue_7        0x33fabc10        0x0 cpu/arm920t/libarm920t.a(cpu.o)
 .glue_7        0x33fabc10        0x0 /home/u-boot-m/lib_arm/eabi_compat.o
 .glue_7        0x33fabc10        0x0 /usr/local/arm/4.3.2/bin/../lib/gcc/arm-none-linux-gnueabi/4.3.2/armv4t/libgcc.a(_udivsi3.o)
 .glue_7        0x33fabc10        0x0 /usr/local/arm/4.3.2/bin/../lib/gcc/arm-none-linux-gnueabi/4.3.2/armv4t/libgcc.a(_divsi3.o)
 .glue_7        0x33fabc10        0x0 /usr/local/arm/4.3.2/bin/../lib/gcc/arm-none-linux-gnueabi/4.3.2/armv4t/libgcc.a(_lshrdi3.o)
 .glue_7        0x33fabc10        0x0 /usr/local/arm/4.3.2/bin/../lib/gcc/arm-none-linux-gnueabi/4.3.2/armv4t/libgcc.a(_ashrdi3.o)
 .glue_7        0x33fabc10        0x0 /usr/local/arm/4.3.2/bin/../lib/gcc/arm-none-linux-gnueabi/4.3.2/armv4t/libgcc.a(_ashldi3.o)
 .glue_7        0x33fabc10        0x0 /usr/local/arm/4.3.2/bin/../lib/gcc/arm-none-linux-gnueabi/4.3.2/armv4t/libgcc.a(_dvmd_lnx.o)

.glue_7t        0x33fabc10        0x0
 .glue_7t       0x33fabc10        0x0 cpu/arm920t/start.o
 .glue_7t       0x33fabc10        0x0 board/sun/smdk2440a/lowlevel_init.o
 .glue_7t       0x33fabc10        0x0 board/sun/smdk2440a/nand_read.o
 .glue_7t       0x33fabc10        0x0 lib_arm/libarm.a(board.o)
 .glue_7t       0x33fabc10        0x0 lib_arm/libarm.a(interrupts.o)
 .glue_7t       0x33fabc10        0x0 net/libnet.a(eth.o)
 .glue_7t       0x33fabc10        0x0 net/libnet.a(net.o)
 .glue_7t       0x33fabc10        0x0 net/libnet.a(nfs.o)
 .glue_7t       0x33fabc10        0x0 net/libnet.a(rarp.o)
 .glue_7t       0x33fabc10        0x0 net/libnet.a(tftp.o)
 .glue_7t       0x33fabc10        0x0 net/libnet.a(bootp.o)
 .glue_7t       0x33fabc10        0x0 drivers/i2c/libi2c.a(s3c24x0_i2c.o)
 .glue_7t       0x33fabc10        0x0 drivers/mtd/nand/libnand.a(nand.o)
 .glue_7t       0x33fabc10        0x0 drivers/mtd/nand/libnand.a(nand_base.o)
 .glue_7t       0x33fabc10        0x0 drivers/mtd/nand/libnand.a(nand_bbt.o)
 .glue_7t       0x33fabc10        0x0 drivers/mtd/nand/libnand.a(nand_ecc.o)
 .glue_7t       0x33fabc10        0x0 drivers/mtd/nand/libnand.a(nand_ids.o)
 .glue_7t       0x33fabc10        0x0 drivers/mtd/nand/libnand.a(s3c2410_nand.o)
 .glue_7t       0x33fabc10        0x0 drivers/serial/libserial.a(serial_s3c24x0.o)
 .glue_7t       0x33fabc10        0x0 drivers/usb/slave/libusb_slave.a(interrupt.o)
 .glue_7t       0x33fabc10        0x0 drivers/usb/slave/libusb_slave.a(usbmain.o)
 .glue_7t       0x33fabc10        0x0 drivers/usb/slave/libusb_slave.a(usbout.o)
 .glue_7t       0x33fabc10        0x0 drivers/usb/slave/libusb_slave.a(usbsetup.o)
 .glue_7t       0x33fabc10        0x0 drivers/usb/slave/libusb_slave.a(usbinit.o)
 .glue_7t       0x33fabc10        0x0 drivers/usb/slave/libusb_slave.a(usbin.o)
 .glue_7t       0x33fabc10        0x0 drivers/usb/slave/libusb_slave.a(usblib.o)
 .glue_7t       0x33fabc10        0x0 common/libcommon.a(cmd_bdinfo.o)
 .glue_7t       0x33fabc10        0x0 common/libcommon.a(cmd_bmp.o)
 .glue_7t       0x33fabc10        0x0 common/libcommon.a(cmd_boot.o)
 .glue_7t       0x33fabc10        0x0 common/libcommon.a(cmd_bootm.o)
 .glue_7t       0x33fabc10        0x0 common/libcommon.a(cmd_cache.o)
 .glue_7t       0x33fabc10        0x0 common/libcommon.a(cmd_console.o)
 .glue_7t       0x33fabc10        0x0 common/libcommon.a(cmd_date.o)
 .glue_7t       0x33fabc10        0x0 common/libcommon.a(cmd_echo.o)
 .glue_7t       0x33fabc10        0x0 common/libcommon.a(cmd_eeprom.o)
 .glue_7t       0x33fabc10        0x0 common/libcommon.a(cmd_elf.o)
 .glue_7t       0x33fabc10        0x0 common/libcommon.a(cmd_fat.o)
 .glue_7t       0x33fabc10        0x0 common/libcommon.a(cmd_flash.o)
 .glue_7t       0x33fabc10        0x0 common/libcommon.a(cmd_help.o)
 .glue_7t       0x33fabc10        0x0 common/libcommon.a(cmd_i2c.o)
 .glue_7t       0x33fabc10        0x0 common/libcommon.a(cmd_itest.o)
 .glue_7t       0x33fabc10        0x0 common/libcommon.a(cmd_jffs2.o)
 .glue_7t       0x33fabc10        0x0 common/libcommon.a(cmd_load.o)
 .glue_7t       0x33fabc10        0x0 common/libcommon.a(cmd_mem.o)
 .glue_7t       0x33fabc10        0x0 common/libcommon.a(cmd_misc.o)
 .glue_7t       0x33fabc10        0x0 common/libcommon.a(cmd_mmc.o)
 .glue_7t       0x33fabc10        0x0 common/libcommon.a(cmd_nand.o)
 .glue_7t       0x33fabc10        0x0 common/libcommon.a(cmd_net.o)
 .glue_7t       0x33fabc10        0x0 common/libcommon.a(cmd_nvedit.o)
 .glue_7t       0x33fabc10        0x0 common/libcommon.a(cmd_reginfo.o)
 .glue_7t       0x33fabc10        0x0 common/libcommon.a(cmd_source.o)
 .glue_7t       0x33fabc10        0x0 common/libcommon.a(cmd_usb.o)
 .glue_7t       0x33fabc10        0x0 common/libcommon.a(cmd_usbslave.o)
 .glue_7t       0x33fabc10        0x0 common/libcommon.a(cmd_version.o)
 .glue_7t       0x33fabc10        0x0 common/libcommon.a(cmd_ximg.o)
 .glue_7t       0x33fabc10        0x0 common/libcommon.a(command.o)
 .glue_7t       0x33fabc10        0x0 common/libcommon.a(console.o)
 .glue_7t       0x33fabc10        0x0 common/libcommon.a(dlmalloc.o)
 .glue_7t       0x33fabc10        0x0 common/libcommon.a(env_common.o)
 .glue_7t       0x33fabc10        0x0 common/libcommon.a(env_nand.o)
 .glue_7t       0x33fabc10        0x0 common/libcommon.a(exports.o)
 .glue_7t       0x33fabc10        0x0 common/libcommon.a(flash.o)
 .glue_7t       0x33fabc10        0x0 common/libcommon.a(image.o)
 .glue_7t       0x33fabc10        0x0 common/libcommon.a(main.o)
 .glue_7t       0x33fabc10        0x0 common/libcommon.a(s_record.o)
 .glue_7t       0x33fabc10        0x0 common/libcommon.a(stdio.o)
 .glue_7t       0x33fabc10        0x0 common/libcommon.a(usb.o)
 .glue_7t       0x33fabc10        0x0 common/libcommon.a(usb_storage.o)
 .glue_7t       0x33fabc10        0x0 common/libcommon.a(xyzModem.o)
 .glue_7t       0x33fabc10        0x0 board/sun/smdk2440a/libsmdk2440a.a(smdk2440a.o)
 .glue_7t       0x33fabc10        0x0 board/sun/smdk2440a/libsmdk2440a.a(flash.o)
 .glue_7t       0x33fabc10        0x0 lib_generic/libgeneric.a(crc16.o)
 .glue_7t       0x33fabc10        0x0 lib_generic/libgeneric.a(crc32.o)
 .glue_7t       0x33fabc10        0x0 lib_generic/libgeneric.a(ctype.o)
 .glue_7t       0x33fabc10        0x0 lib_generic/libgeneric.a(display_options.o)
 .glue_7t       0x33fabc10        0x0 lib_generic/libgeneric.a(gunzip.o)
 .glue_7t       0x33fabc10        0x0 lib_generic/libgeneric.a(net_utils.o)
 .glue_7t       0x33fabc10        0x0 lib_generic/libgeneric.a(string.o)
 .glue_7t       0x33fabc10        0x0 lib_generic/libgeneric.a(time.o)
 .glue_7t       0x33fabc10        0x0 lib_generic/libgeneric.a(vsprintf.o)
 .glue_7t       0x33fabc10        0x0 lib_generic/libgeneric.a(zlib.o)
 .glue_7t       0x33fabc10        0x0 lib_generic/libgeneric.a(div64.o)
 .glue_7t       0x33fabc10        0x0 cpu/arm920t/s3c24x0/libs3c24x0.a(interrupts.o)
 .glue_7t       0x33fabc10        0x0 cpu/arm920t/s3c24x0/libs3c24x0.a(speed.o)
 .glue_7t       0x33fabc10        0x0 cpu/arm920t/s3c24x0/libs3c24x0.a(timer.o)
 .glue_7t       0x33fabc10        0x0 cpu/arm920t/s3c24x0/libs3c24x0.a(usb_ohci.o)
 .glue_7t       0x33fabc10        0x0 cpu/arm920t/s3c24x0/libs3c24x0.a(mmc.o)
 .glue_7t       0x33fabc10        0x0 lib_arm/libarm.a(bootm.o)
 .glue_7t       0x33fabc10        0x0 lib_arm/libarm.a(cache.o)
 .glue_7t       0x33fabc10        0x0 lib_arm/libarm.a(cache-cp15.o)
 .glue_7t       0x33fabc10        0x0 lib_arm/libarm.a(reset.o)
 .glue_7t       0x33fabc10        0x0 fs/fat/libfat.a(fat.o)
 .glue_7t       0x33fabc10        0x0 fs/jffs2/libjffs2.a(jffs2_1pass.o)
 .glue_7t       0x33fabc10        0x0 fs/jffs2/libjffs2.a(compr_rtime.o)
 .glue_7t       0x33fabc10        0x0 fs/jffs2/libjffs2.a(compr_rubin.o)
 .glue_7t       0x33fabc10        0x0 fs/jffs2/libjffs2.a(compr_zlib.o)
 .glue_7t       0x33fabc10        0x0 fs/jffs2/libjffs2.a(mini_inflate.o)
 .glue_7t       0x33fabc10        0x0 disk/libdisk.a(part.o)
 .glue_7t       0x33fabc10        0x0 disk/libdisk.a(part_dos.o)
 .glue_7t       0x33fabc10        0x0 drivers/mtd/nand/libnand.a(nand_util.o)
 .glue_7t       0x33fabc10        0x0 drivers/net/libnet.a(dm9000x.o)
 .glue_7t       0x33fabc10        0x0 drivers/rtc/librtc.a(date.o)
 .glue_7t       0x33fabc10        0x0 drivers/rtc/librtc.a(s3c24x0_rtc.o)
 .glue_7t       0x33fabc10        0x0 drivers/video/libvideo.a(cfb_console.o)
 .glue_7t       0x33fabc10        0x0 drivers/video/libvideo.a(s3c2410_fb.o)
 .glue_7t       0x33fabc10        0x0 drivers/video/libvideo.a(videomodes.o)
 .glue_7t       0x33fabc10        0x0 cpu/arm920t/libarm920t.a(cpu.o)
 .glue_7t       0x33fabc10        0x0 /home/u-boot-m/lib_arm/eabi_compat.o
 .glue_7t       0x33fabc10        0x0 /usr/local/arm/4.3.2/bin/../lib/gcc/arm-none-linux-gnueabi/4.3.2/armv4t/libgcc.a(_udivsi3.o)
 .glue_7t       0x33fabc10        0x0 /usr/local/arm/4.3.2/bin/../lib/gcc/arm-none-linux-gnueabi/4.3.2/armv4t/libgcc.a(_divsi3.o)
 .glue_7t       0x33fabc10        0x0 /usr/local/arm/4.3.2/bin/../lib/gcc/arm-none-linux-gnueabi/4.3.2/armv4t/libgcc.a(_lshrdi3.o)
 .glue_7t       0x33fabc10        0x0 /usr/local/arm/4.3.2/bin/../lib/gcc/arm-none-linux-gnueabi/4.3.2/armv4t/libgcc.a(_ashrdi3.o)
 .glue_7t       0x33fabc10        0x0 /usr/local/arm/4.3.2/bin/../lib/gcc/arm-none-linux-gnueabi/4.3.2/armv4t/libgcc.a(_ashldi3.o)
 .glue_7t       0x33fabc10        0x0 /usr/local/arm/4.3.2/bin/../lib/gcc/arm-none-linux-gnueabi/4.3.2/armv4t/libgcc.a(_dvmd_lnx.o)

.vfp11_veneer   0x33fabc10        0x0
 .vfp11_veneer  0x33fabc10        0x0 cpu/arm920t/start.o
 .vfp11_veneer  0x33fabc10        0x0 board/sun/smdk2440a/lowlevel_init.o
 .vfp11_veneer  0x33fabc10        0x0 board/sun/smdk2440a/nand_read.o
 .vfp11_veneer  0x33fabc10        0x0 lib_arm/libarm.a(board.o)
 .vfp11_veneer  0x33fabc10        0x0 lib_arm/libarm.a(interrupts.o)
 .vfp11_veneer  0x33fabc10        0x0 net/libnet.a(eth.o)
 .vfp11_veneer  0x33fabc10        0x0 net/libnet.a(net.o)
 .vfp11_veneer  0x33fabc10        0x0 net/libnet.a(nfs.o)
 .vfp11_veneer  0x33fabc10        0x0 net/libnet.a(rarp.o)
 .vfp11_veneer  0x33fabc10        0x0 net/libnet.a(tftp.o)
 .vfp11_veneer  0x33fabc10        0x0 net/libnet.a(bootp.o)
 .vfp11_veneer  0x33fabc10        0x0 drivers/i2c/libi2c.a(s3c24x0_i2c.o)
 .vfp11_veneer  0x33fabc10        0x0 drivers/mtd/nand/libnand.a(nand.o)
 .vfp11_veneer  0x33fabc10        0x0 drivers/mtd/nand/libnand.a(nand_base.o)
 .vfp11_veneer  0x33fabc10        0x0 drivers/mtd/nand/libnand.a(nand_bbt.o)
 .vfp11_veneer  0x33fabc10        0x0 drivers/mtd/nand/libnand.a(nand_ecc.o)
 .vfp11_veneer  0x33fabc10        0x0 drivers/mtd/nand/libnand.a(nand_ids.o)
 .vfp11_veneer  0x33fabc10        0x0 drivers/mtd/nand/libnand.a(s3c2410_nand.o)
 .vfp11_veneer  0x33fabc10        0x0 drivers/serial/libserial.a(serial_s3c24x0.o)
 .vfp11_veneer  0x33fabc10        0x0 drivers/usb/slave/libusb_slave.a(interrupt.o)
 .vfp11_veneer  0x33fabc10        0x0 drivers/usb/slave/libusb_slave.a(usbmain.o)
 .vfp11_veneer  0x33fabc10        0x0 drivers/usb/slave/libusb_slave.a(usbout.o)
 .vfp11_veneer  0x33fabc10        0x0 drivers/usb/slave/libusb_slave.a(usbsetup.o)
 .vfp11_veneer  0x33fabc10        0x0 drivers/usb/slave/libusb_slave.a(usbinit.o)
 .vfp11_veneer  0x33fabc10        0x0 drivers/usb/slave/libusb_slave.a(usbin.o)
 .vfp11_veneer  0x33fabc10        0x0 drivers/usb/slave/libusb_slave.a(usblib.o)
 .vfp11_veneer  0x33fabc10        0x0 common/libcommon.a(cmd_bdinfo.o)
 .vfp11_veneer  0x33fabc10        0x0 common/libcommon.a(cmd_bmp.o)
 .vfp11_veneer  0x33fabc10        0x0 common/libcommon.a(cmd_boot.o)
 .vfp11_veneer  0x33fabc10        0x0 common/libcommon.a(cmd_bootm.o)
 .vfp11_veneer  0x33fabc10        0x0 common/libcommon.a(cmd_cache.o)
 .vfp11_veneer  0x33fabc10        0x0 common/libcommon.a(cmd_console.o)
 .vfp11_veneer  0x33fabc10        0x0 common/libcommon.a(cmd_date.o)
 .vfp11_veneer  0x33fabc10        0x0 common/libcommon.a(cmd_echo.o)
 .vfp11_veneer  0x33fabc10        0x0 common/libcommon.a(cmd_eeprom.o)
 .vfp11_veneer  0x33fabc10        0x0 common/libcommon.a(cmd_elf.o)
 .vfp11_veneer  0x33fabc10        0x0 common/libcommon.a(cmd_fat.o)
 .vfp11_veneer  0x33fabc10        0x0 common/libcommon.a(cmd_flash.o)
 .vfp11_veneer  0x33fabc10        0x0 common/libcommon.a(cmd_help.o)
 .vfp11_veneer  0x33fabc10        0x0 common/libcommon.a(cmd_i2c.o)
 .vfp11_veneer  0x33fabc10        0x0 common/libcommon.a(cmd_itest.o)
 .vfp11_veneer  0x33fabc10        0x0 common/libcommon.a(cmd_jffs2.o)
 .vfp11_veneer  0x33fabc10        0x0 common/libcommon.a(cmd_load.o)
 .vfp11_veneer  0x33fabc10        0x0 common/libcommon.a(cmd_mem.o)
 .vfp11_veneer  0x33fabc10        0x0 common/libcommon.a(cmd_misc.o)
 .vfp11_veneer  0x33fabc10        0x0 common/libcommon.a(cmd_mmc.o)
 .vfp11_veneer  0x33fabc10        0x0 common/libcommon.a(cmd_nand.o)
 .vfp11_veneer  0x33fabc10        0x0 common/libcommon.a(cmd_net.o)
 .vfp11_veneer  0x33fabc10        0x0 common/libcommon.a(cmd_nvedit.o)
 .vfp11_veneer  0x33fabc10        0x0 common/libcommon.a(cmd_reginfo.o)
 .vfp11_veneer  0x33fabc10        0x0 common/libcommon.a(cmd_source.o)
 .vfp11_veneer  0x33fabc10        0x0 common/libcommon.a(cmd_usb.o)
 .vfp11_veneer  0x33fabc10        0x0 common/libcommon.a(cmd_usbslave.o)
 .vfp11_veneer  0x33fabc10        0x0 common/libcommon.a(cmd_version.o)
 .vfp11_veneer  0x33fabc10        0x0 common/libcommon.a(cmd_ximg.o)
 .vfp11_veneer  0x33fabc10        0x0 common/libcommon.a(command.o)
 .vfp11_veneer  0x33fabc10        0x0 common/libcommon.a(console.o)
 .vfp11_veneer  0x33fabc10        0x0 common/libcommon.a(dlmalloc.o)
 .vfp11_veneer  0x33fabc10        0x0 common/libcommon.a(env_common.o)
 .vfp11_veneer  0x33fabc10        0x0 common/libcommon.a(env_nand.o)
 .vfp11_veneer  0x33fabc10        0x0 common/libcommon.a(exports.o)
 .vfp11_veneer  0x33fabc10        0x0 common/libcommon.a(flash.o)
 .vfp11_veneer  0x33fabc10        0x0 common/libcommon.a(image.o)
 .vfp11_veneer  0x33fabc10        0x0 common/libcommon.a(main.o)
 .vfp11_veneer  0x33fabc10        0x0 common/libcommon.a(s_record.o)
 .vfp11_veneer  0x33fabc10        0x0 common/libcommon.a(stdio.o)
 .vfp11_veneer  0x33fabc10        0x0 common/libcommon.a(usb.o)
 .vfp11_veneer  0x33fabc10        0x0 common/libcommon.a(usb_storage.o)
 .vfp11_veneer  0x33fabc10        0x0 common/libcommon.a(xyzModem.o)
 .vfp11_veneer  0x33fabc10        0x0 board/sun/smdk2440a/libsmdk2440a.a(smdk2440a.o)
 .vfp11_veneer  0x33fabc10        0x0 board/sun/smdk2440a/libsmdk2440a.a(flash.o)
 .vfp11_veneer  0x33fabc10        0x0 lib_generic/libgeneric.a(crc16.o)
 .vfp11_veneer  0x33fabc10        0x0 lib_generic/libgeneric.a(crc32.o)
 .vfp11_veneer  0x33fabc10        0x0 lib_generic/libgeneric.a(ctype.o)
 .vfp11_veneer  0x33fabc10        0x0 lib_generic/libgeneric.a(display_options.o)
 .vfp11_veneer  0x33fabc10        0x0 lib_generic/libgeneric.a(gunzip.o)
 .vfp11_veneer  0x33fabc10        0x0 lib_generic/libgeneric.a(net_utils.o)
 .vfp11_veneer  0x33fabc10        0x0 lib_generic/libgeneric.a(string.o)
 .vfp11_veneer  0x33fabc10        0x0 lib_generic/libgeneric.a(time.o)
 .vfp11_veneer  0x33fabc10        0x0 lib_generic/libgeneric.a(vsprintf.o)
 .vfp11_veneer  0x33fabc10        0x0 lib_generic/libgeneric.a(zlib.o)
 .vfp11_veneer  0x33fabc10        0x0 lib_generic/libgeneric.a(div64.o)
 .vfp11_veneer  0x33fabc10        0x0 cpu/arm920t/s3c24x0/libs3c24x0.a(interrupts.o)
 .vfp11_veneer  0x33fabc10        0x0 cpu/arm920t/s3c24x0/libs3c24x0.a(speed.o)
 .vfp11_veneer  0x33fabc10        0x0 cpu/arm920t/s3c24x0/libs3c24x0.a(timer.o)
 .vfp11_veneer  0x33fabc10        0x0 cpu/arm920t/s3c24x0/libs3c24x0.a(usb_ohci.o)
 .vfp11_veneer  0x33fabc10        0x0 cpu/arm920t/s3c24x0/libs3c24x0.a(mmc.o)
 .vfp11_veneer  0x33fabc10        0x0 lib_arm/libarm.a(bootm.o)
 .vfp11_veneer  0x33fabc10        0x0 lib_arm/libarm.a(cache.o)
 .vfp11_veneer  0x33fabc10        0x0 lib_arm/libarm.a(cache-cp15.o)
 .vfp11_veneer  0x33fabc10        0x0 lib_arm/libarm.a(reset.o)
 .vfp11_veneer  0x33fabc10        0x0 fs/fat/libfat.a(fat.o)
 .vfp11_veneer  0x33fabc10        0x0 fs/jffs2/libjffs2.a(jffs2_1pass.o)
 .vfp11_veneer  0x33fabc10        0x0 fs/jffs2/libjffs2.a(compr_rtime.o)
 .vfp11_veneer  0x33fabc10        0x0 fs/jffs2/libjffs2.a(compr_rubin.o)
 .vfp11_veneer  0x33fabc10        0x0 fs/jffs2/libjffs2.a(compr_zlib.o)
 .vfp11_veneer  0x33fabc10        0x0 fs/jffs2/libjffs2.a(mini_inflate.o)
 .vfp11_veneer  0x33fabc10        0x0 disk/libdisk.a(part.o)
 .vfp11_veneer  0x33fabc10        0x0 disk/libdisk.a(part_dos.o)
 .vfp11_veneer  0x33fabc10        0x0 drivers/mtd/nand/libnand.a(nand_util.o)
 .vfp11_veneer  0x33fabc10        0x0 drivers/net/libnet.a(dm9000x.o)
 .vfp11_veneer  0x33fabc10        0x0 drivers/rtc/librtc.a(date.o)
 .vfp11_veneer  0x33fabc10        0x0 drivers/rtc/librtc.a(s3c24x0_rtc.o)
 .vfp11_veneer  0x33fabc10        0x0 drivers/video/libvideo.a(cfb_console.o)
 .vfp11_veneer  0x33fabc10        0x0 drivers/video/libvideo.a(s3c2410_fb.o)
 .vfp11_veneer  0x33fabc10        0x0 drivers/video/libvideo.a(videomodes.o)
 .vfp11_veneer  0x33fabc10        0x0 cpu/arm920t/libarm920t.a(cpu.o)
 .vfp11_veneer  0x33fabc10        0x0 /home/u-boot-m/lib_arm/eabi_compat.o
 .vfp11_veneer  0x33fabc10        0x0 /usr/local/arm/4.3.2/bin/../lib/gcc/arm-none-linux-gnueabi/4.3.2/armv4t/libgcc.a(_udivsi3.o)
 .vfp11_veneer  0x33fabc10        0x0 /usr/local/arm/4.3.2/bin/../lib/gcc/arm-none-linux-gnueabi/4.3.2/armv4t/libgcc.a(_divsi3.o)
 .vfp11_veneer  0x33fabc10        0x0 /usr/local/arm/4.3.2/bin/../lib/gcc/arm-none-linux-gnueabi/4.3.2/armv4t/libgcc.a(_lshrdi3.o)
 .vfp11_veneer  0x33fabc10        0x0 /usr/local/arm/4.3.2/bin/../lib/gcc/arm-none-linux-gnueabi/4.3.2/armv4t/libgcc.a(_ashrdi3.o)
 .vfp11_veneer  0x33fabc10        0x0 /usr/local/arm/4.3.2/bin/../lib/gcc/arm-none-linux-gnueabi/4.3.2/armv4t/libgcc.a(_ashldi3.o)
 .vfp11_veneer  0x33fabc10        0x0 /usr/local/arm/4.3.2/bin/../lib/gcc/arm-none-linux-gnueabi/4.3.2/armv4t/libgcc.a(_dvmd_lnx.o)

.janus_2cc_veneer
                0x33fabc10        0x0
 .janus_2cc_veneer
                0x33fabc10        0x0 cpu/arm920t/start.o
 .janus_2cc_veneer
                0x33fabc10        0x0 board/sun/smdk2440a/lowlevel_init.o
 .janus_2cc_veneer
                0x33fabc10        0x0 board/sun/smdk2440a/nand_read.o
 .janus_2cc_veneer
                0x33fabc10        0x0 lib_arm/libarm.a(board.o)
 .janus_2cc_veneer
                0x33fabc10        0x0 lib_arm/libarm.a(interrupts.o)
 .janus_2cc_veneer
                0x33fabc10        0x0 net/libnet.a(eth.o)
 .janus_2cc_veneer
                0x33fabc10        0x0 net/libnet.a(net.o)
 .janus_2cc_veneer
                0x33fabc10        0x0 net/libnet.a(nfs.o)
 .janus_2cc_veneer
                0x33fabc10        0x0 net/libnet.a(rarp.o)
 .janus_2cc_veneer
                0x33fabc10        0x0 net/libnet.a(tftp.o)
 .janus_2cc_veneer
                0x33fabc10        0x0 net/libnet.a(bootp.o)
 .janus_2cc_veneer
                0x33fabc10        0x0 drivers/i2c/libi2c.a(s3c24x0_i2c.o)
 .janus_2cc_veneer
                0x33fabc10        0x0 drivers/mtd/nand/libnand.a(nand.o)
 .janus_2cc_veneer
                0x33fabc10        0x0 drivers/mtd/nand/libnand.a(nand_base.o)
 .janus_2cc_veneer
                0x33fabc10        0x0 drivers/mtd/nand/libnand.a(nand_bbt.o)
 .janus_2cc_veneer
                0x33fabc10        0x0 drivers/mtd/nand/libnand.a(nand_ecc.o)
 .janus_2cc_veneer
                0x33fabc10        0x0 drivers/mtd/nand/libnand.a(nand_ids.o)
 .janus_2cc_veneer
                0x33fabc10        0x0 drivers/mtd/nand/libnand.a(s3c2410_nand.o)
 .janus_2cc_veneer
                0x33fabc10        0x0 drivers/serial/libserial.a(serial_s3c24x0.o)
 .janus_2cc_veneer
                0x33fabc10        0x0 drivers/usb/slave/libusb_slave.a(interrupt.o)
 .janus_2cc_veneer
                0x33fabc10        0x0 drivers/usb/slave/libusb_slave.a(usbmain.o)
 .janus_2cc_veneer
                0x33fabc10        0x0 drivers/usb/slave/libusb_slave.a(usbout.o)
 .janus_2cc_veneer
                0x33fabc10        0x0 drivers/usb/slave/libusb_slave.a(usbsetup.o)
 .janus_2cc_veneer
                0x33fabc10        0x0 drivers/usb/slave/libusb_slave.a(usbinit.o)
 .janus_2cc_veneer
                0x33fabc10        0x0 drivers/usb/slave/libusb_slave.a(usbin.o)
 .janus_2cc_veneer
                0x33fabc10        0x0 drivers/usb/slave/libusb_slave.a(usblib.o)
 .janus_2cc_veneer
                0x33fabc10        0x0 common/libcommon.a(cmd_bdinfo.o)
 .janus_2cc_veneer
                0x33fabc10        0x0 common/libcommon.a(cmd_bmp.o)
 .janus_2cc_veneer
                0x33fabc10        0x0 common/libcommon.a(cmd_boot.o)
 .janus_2cc_veneer
                0x33fabc10        0x0 common/libcommon.a(cmd_bootm.o)
 .janus_2cc_veneer
                0x33fabc10        0x0 common/libcommon.a(cmd_cache.o)
 .janus_2cc_veneer
                0x33fabc10        0x0 common/libcommon.a(cmd_console.o)
 .janus_2cc_veneer
                0x33fabc10        0x0 common/libcommon.a(cmd_date.o)
 .janus_2cc_veneer
                0x33fabc10        0x0 common/libcommon.a(cmd_echo.o)
 .janus_2cc_veneer
                0x33fabc10        0x0 common/libcommon.a(cmd_eeprom.o)
 .janus_2cc_veneer
                0x33fabc10        0x0 common/libcommon.a(cmd_elf.o)
 .janus_2cc_veneer
                0x33fabc10        0x0 common/libcommon.a(cmd_fat.o)
 .janus_2cc_veneer
                0x33fabc10        0x0 common/libcommon.a(cmd_flash.o)
 .janus_2cc_veneer
                0x33fabc10        0x0 common/libcommon.a(cmd_help.o)
 .janus_2cc_veneer
                0x33fabc10        0x0 common/libcommon.a(cmd_i2c.o)
 .janus_2cc_veneer
                0x33fabc10        0x0 common/libcommon.a(cmd_itest.o)
 .janus_2cc_veneer
                0x33fabc10        0x0 common/libcommon.a(cmd_jffs2.o)
 .janus_2cc_veneer
                0x33fabc10        0x0 common/libcommon.a(cmd_load.o)
 .janus_2cc_veneer
                0x33fabc10        0x0 common/libcommon.a(cmd_mem.o)
 .janus_2cc_veneer
                0x33fabc10        0x0 common/libcommon.a(cmd_misc.o)
 .janus_2cc_veneer
                0x33fabc10        0x0 common/libcommon.a(cmd_mmc.o)
 .janus_2cc_veneer
                0x33fabc10        0x0 common/libcommon.a(cmd_nand.o)
 .janus_2cc_veneer
                0x33fabc10        0x0 common/libcommon.a(cmd_net.o)
 .janus_2cc_veneer
                0x33fabc10        0x0 common/libcommon.a(cmd_nvedit.o)
 .janus_2cc_veneer
                0x33fabc10        0x0 common/libcommon.a(cmd_reginfo.o)
 .janus_2cc_veneer
                0x33fabc10        0x0 common/libcommon.a(cmd_source.o)
 .janus_2cc_veneer
                0x33fabc10        0x0 common/libcommon.a(cmd_usb.o)
 .janus_2cc_veneer
                0x33fabc10        0x0 common/libcommon.a(cmd_usbslave.o)
 .janus_2cc_veneer
                0x33fabc10        0x0 common/libcommon.a(cmd_version.o)
 .janus_2cc_veneer
                0x33fabc10        0x0 common/libcommon.a(cmd_ximg.o)
 .janus_2cc_veneer
                0x33fabc10        0x0 common/libcommon.a(command.o)
 .janus_2cc_veneer
                0x33fabc10        0x0 common/libcommon.a(console.o)
 .janus_2cc_veneer
                0x33fabc10        0x0 common/libcommon.a(dlmalloc.o)
 .janus_2cc_veneer
                0x33fabc10        0x0 common/libcommon.a(env_common.o)
 .janus_2cc_veneer
                0x33fabc10        0x0 common/libcommon.a(env_nand.o)
 .janus_2cc_veneer
                0x33fabc10        0x0 common/libcommon.a(exports.o)
 .janus_2cc_veneer
                0x33fabc10        0x0 common/libcommon.a(flash.o)
 .janus_2cc_veneer
                0x33fabc10        0x0 common/libcommon.a(image.o)
 .janus_2cc_veneer
                0x33fabc10        0x0 common/libcommon.a(main.o)
 .janus_2cc_veneer
                0x33fabc10        0x0 common/libcommon.a(s_record.o)
 .janus_2cc_veneer
                0x33fabc10        0x0 common/libcommon.a(stdio.o)
 .janus_2cc_veneer
                0x33fabc10        0x0 common/libcommon.a(usb.o)
 .janus_2cc_veneer
                0x33fabc10        0x0 common/libcommon.a(usb_storage.o)
 .janus_2cc_veneer
                0x33fabc10        0x0 common/libcommon.a(xyzModem.o)
 .janus_2cc_veneer
                0x33fabc10        0x0 board/sun/smdk2440a/libsmdk2440a.a(smdk2440a.o)
 .janus_2cc_veneer
                0x33fabc10        0x0 board/sun/smdk2440a/libsmdk2440a.a(flash.o)
 .janus_2cc_veneer
                0x33fabc10        0x0 lib_generic/libgeneric.a(crc16.o)
 .janus_2cc_veneer
                0x33fabc10        0x0 lib_generic/libgeneric.a(crc32.o)
 .janus_2cc_veneer
                0x33fabc10        0x0 lib_generic/libgeneric.a(ctype.o)
 .janus_2cc_veneer
                0x33fabc10        0x0 lib_generic/libgeneric.a(display_options.o)
 .janus_2cc_veneer
                0x33fabc10        0x0 lib_generic/libgeneric.a(gunzip.o)
 .janus_2cc_veneer
                0x33fabc10        0x0 lib_generic/libgeneric.a(net_utils.o)
 .janus_2cc_veneer
                0x33fabc10        0x0 lib_generic/libgeneric.a(string.o)
 .janus_2cc_veneer
                0x33fabc10        0x0 lib_generic/libgeneric.a(time.o)
 .janus_2cc_veneer
                0x33fabc10        0x0 lib_generic/libgeneric.a(vsprintf.o)
 .janus_2cc_veneer
                0x33fabc10        0x0 lib_generic/libgeneric.a(zlib.o)
 .janus_2cc_veneer
                0x33fabc10        0x0 lib_generic/libgeneric.a(div64.o)
 .janus_2cc_veneer
                0x33fabc10        0x0 cpu/arm920t/s3c24x0/libs3c24x0.a(interrupts.o)
 .janus_2cc_veneer
                0x33fabc10        0x0 cpu/arm920t/s3c24x0/libs3c24x0.a(speed.o)
 .janus_2cc_veneer
                0x33fabc10        0x0 cpu/arm920t/s3c24x0/libs3c24x0.a(timer.o)
 .janus_2cc_veneer
                0x33fabc10        0x0 cpu/arm920t/s3c24x0/libs3c24x0.a(usb_ohci.o)
 .janus_2cc_veneer
                0x33fabc10        0x0 cpu/arm920t/s3c24x0/libs3c24x0.a(mmc.o)
 .janus_2cc_veneer
                0x33fabc10        0x0 lib_arm/libarm.a(bootm.o)
 .janus_2cc_veneer
                0x33fabc10        0x0 lib_arm/libarm.a(cache.o)
 .janus_2cc_veneer
                0x33fabc10        0x0 lib_arm/libarm.a(cache-cp15.o)
 .janus_2cc_veneer
                0x33fabc10        0x0 lib_arm/libarm.a(reset.o)
 .janus_2cc_veneer
                0x33fabc10        0x0 fs/fat/libfat.a(fat.o)
 .janus_2cc_veneer
                0x33fabc10        0x0 fs/jffs2/libjffs2.a(jffs2_1pass.o)
 .janus_2cc_veneer
                0x33fabc10        0x0 fs/jffs2/libjffs2.a(compr_rtime.o)
 .janus_2cc_veneer
                0x33fabc10        0x0 fs/jffs2/libjffs2.a(compr_rubin.o)
 .janus_2cc_veneer
                0x33fabc10        0x0 fs/jffs2/libjffs2.a(compr_zlib.o)
 .janus_2cc_veneer
                0x33fabc10        0x0 fs/jffs2/libjffs2.a(mini_inflate.o)
 .janus_2cc_veneer
                0x33fabc10        0x0 disk/libdisk.a(part.o)
 .janus_2cc_veneer
                0x33fabc10        0x0 disk/libdisk.a(part_dos.o)
 .janus_2cc_veneer
                0x33fabc10        0x0 drivers/mtd/nand/libnand.a(nand_util.o)
 .janus_2cc_veneer
                0x33fabc10        0x0 drivers/net/libnet.a(dm9000x.o)
 .janus_2cc_veneer
                0x33fabc10        0x0 drivers/rtc/librtc.a(date.o)
 .janus_2cc_veneer
                0x33fabc10        0x0 drivers/rtc/librtc.a(s3c24x0_rtc.o)
 .janus_2cc_veneer
                0x33fabc10        0x0 drivers/video/libvideo.a(cfb_console.o)
 .janus_2cc_veneer
                0x33fabc10        0x0 drivers/video/libvideo.a(s3c2410_fb.o)
 .janus_2cc_veneer
                0x33fabc10        0x0 drivers/video/libvideo.a(videomodes.o)
 .janus_2cc_veneer
                0x33fabc10        0x0 cpu/arm920t/libarm920t.a(cpu.o)
 .janus_2cc_veneer
                0x33fabc10        0x0 /home/u-boot-m/lib_arm/eabi_compat.o
 .janus_2cc_veneer
                0x33fabc10        0x0 /usr/local/arm/4.3.2/bin/../lib/gcc/arm-none-linux-gnueabi/4.3.2/armv4t/libgcc.a(_udivsi3.o)
 .janus_2cc_veneer
                0x33fabc10        0x0 /usr/local/arm/4.3.2/bin/../lib/gcc/arm-none-linux-gnueabi/4.3.2/armv4t/libgcc.a(_divsi3.o)
 .janus_2cc_veneer
                0x33fabc10        0x0 /usr/local/arm/4.3.2/bin/../lib/gcc/arm-none-linux-gnueabi/4.3.2/armv4t/libgcc.a(_lshrdi3.o)
 .janus_2cc_veneer
                0x33fabc10        0x0 /usr/local/arm/4.3.2/bin/../lib/gcc/arm-none-linux-gnueabi/4.3.2/armv4t/libgcc.a(_ashrdi3.o)
 .janus_2cc_veneer
                0x33fabc10        0x0 /usr/local/arm/4.3.2/bin/../lib/gcc/arm-none-linux-gnueabi/4.3.2/armv4t/libgcc.a(_ashldi3.o)
 .janus_2cc_veneer
                0x33fabc10        0x0 /usr/local/arm/4.3.2/bin/../lib/gcc/arm-none-linux-gnueabi/4.3.2/armv4t/libgcc.a(_dvmd_lnx.o)

.v4_bx          0x33fabc10        0x0
 .v4_bx         0x33fabc10        0x0 cpu/arm920t/start.o
 .v4_bx         0x33fabc10        0x0 board/sun/smdk2440a/lowlevel_init.o
 .v4_bx         0x33fabc10        0x0 board/sun/smdk2440a/nand_read.o
 .v4_bx         0x33fabc10        0x0 lib_arm/libarm.a(board.o)
 .v4_bx         0x33fabc10        0x0 lib_arm/libarm.a(interrupts.o)
 .v4_bx         0x33fabc10        0x0 net/libnet.a(eth.o)
 .v4_bx         0x33fabc10        0x0 net/libnet.a(net.o)
 .v4_bx         0x33fabc10        0x0 net/libnet.a(nfs.o)
 .v4_bx         0x33fabc10        0x0 net/libnet.a(rarp.o)
 .v4_bx         0x33fabc10        0x0 net/libnet.a(tftp.o)
 .v4_bx         0x33fabc10        0x0 net/libnet.a(bootp.o)
 .v4_bx         0x33fabc10        0x0 drivers/i2c/libi2c.a(s3c24x0_i2c.o)
 .v4_bx         0x33fabc10        0x0 drivers/mtd/nand/libnand.a(nand.o)
 .v4_bx         0x33fabc10        0x0 drivers/mtd/nand/libnand.a(nand_base.o)
 .v4_bx         0x33fabc10        0x0 drivers/mtd/nand/libnand.a(nand_bbt.o)
 .v4_bx         0x33fabc10        0x0 drivers/mtd/nand/libnand.a(nand_ecc.o)
 .v4_bx         0x33fabc10        0x0 drivers/mtd/nand/libnand.a(nand_ids.o)
 .v4_bx         0x33fabc10        0x0 drivers/mtd/nand/libnand.a(s3c2410_nand.o)
 .v4_bx         0x33fabc10        0x0 drivers/serial/libserial.a(serial_s3c24x0.o)
 .v4_bx         0x33fabc10        0x0 drivers/usb/slave/libusb_slave.a(interrupt.o)
 .v4_bx         0x33fabc10        0x0 drivers/usb/slave/libusb_slave.a(usbmain.o)
 .v4_bx         0x33fabc10        0x0 drivers/usb/slave/libusb_slave.a(usbout.o)
 .v4_bx         0x33fabc10        0x0 drivers/usb/slave/libusb_slave.a(usbsetup.o)
 .v4_bx         0x33fabc10        0x0 drivers/usb/slave/libusb_slave.a(usbinit.o)
 .v4_bx         0x33fabc10        0x0 drivers/usb/slave/libusb_slave.a(usbin.o)
 .v4_bx         0x33fabc10        0x0 drivers/usb/slave/libusb_slave.a(usblib.o)
 .v4_bx         0x33fabc10        0x0 common/libcommon.a(cmd_bdinfo.o)
 .v4_bx         0x33fabc10        0x0 common/libcommon.a(cmd_bmp.o)
 .v4_bx         0x33fabc10        0x0 common/libcommon.a(cmd_boot.o)
 .v4_bx         0x33fabc10        0x0 common/libcommon.a(cmd_bootm.o)
 .v4_bx         0x33fabc10        0x0 common/libcommon.a(cmd_cache.o)
 .v4_bx         0x33fabc10        0x0 common/libcommon.a(cmd_console.o)
 .v4_bx         0x33fabc10        0x0 common/libcommon.a(cmd_date.o)
 .v4_bx         0x33fabc10        0x0 common/libcommon.a(cmd_echo.o)
 .v4_bx         0x33fabc10        0x0 common/libcommon.a(cmd_eeprom.o)
 .v4_bx         0x33fabc10        0x0 common/libcommon.a(cmd_elf.o)
 .v4_bx         0x33fabc10        0x0 common/libcommon.a(cmd_fat.o)
 .v4_bx         0x33fabc10        0x0 common/libcommon.a(cmd_flash.o)
 .v4_bx         0x33fabc10        0x0 common/libcommon.a(cmd_help.o)
 .v4_bx         0x33fabc10        0x0 common/libcommon.a(cmd_i2c.o)
 .v4_bx         0x33fabc10        0x0 common/libcommon.a(cmd_itest.o)
 .v4_bx         0x33fabc10        0x0 common/libcommon.a(cmd_jffs2.o)
 .v4_bx         0x33fabc10        0x0 common/libcommon.a(cmd_load.o)
 .v4_bx         0x33fabc10        0x0 common/libcommon.a(cmd_mem.o)
 .v4_bx         0x33fabc10        0x0 common/libcommon.a(cmd_misc.o)
 .v4_bx         0x33fabc10        0x0 common/libcommon.a(cmd_mmc.o)
 .v4_bx         0x33fabc10        0x0 common/libcommon.a(cmd_nand.o)
 .v4_bx         0x33fabc10        0x0 common/libcommon.a(cmd_net.o)
 .v4_bx         0x33fabc10        0x0 common/libcommon.a(cmd_nvedit.o)
 .v4_bx         0x33fabc10        0x0 common/libcommon.a(cmd_reginfo.o)
 .v4_bx         0x33fabc10        0x0 common/libcommon.a(cmd_source.o)
 .v4_bx         0x33fabc10        0x0 common/libcommon.a(cmd_usb.o)
 .v4_bx         0x33fabc10        0x0 common/libcommon.a(cmd_usbslave.o)
 .v4_bx         0x33fabc10        0x0 common/libcommon.a(cmd_version.o)
 .v4_bx         0x33fabc10        0x0 common/libcommon.a(cmd_ximg.o)
 .v4_bx         0x33fabc10        0x0 common/libcommon.a(command.o)
 .v4_bx         0x33fabc10        0x0 common/libcommon.a(console.o)
 .v4_bx         0x33fabc10        0x0 common/libcommon.a(dlmalloc.o)
 .v4_bx         0x33fabc10        0x0 common/libcommon.a(env_common.o)
 .v4_bx         0x33fabc10        0x0 common/libcommon.a(env_nand.o)
 .v4_bx         0x33fabc10        0x0 common/libcommon.a(exports.o)
 .v4_bx         0x33fabc10        0x0 common/libcommon.a(flash.o)
 .v4_bx         0x33fabc10        0x0 common/libcommon.a(image.o)
 .v4_bx         0x33fabc10        0x0 common/libcommon.a(main.o)
 .v4_bx         0x33fabc10        0x0 common/libcommon.a(s_record.o)
 .v4_bx         0x33fabc10        0x0 common/libcommon.a(stdio.o)
 .v4_bx         0x33fabc10        0x0 common/libcommon.a(usb.o)
 .v4_bx         0x33fabc10        0x0 common/libcommon.a(usb_storage.o)
 .v4_bx         0x33fabc10        0x0 common/libcommon.a(xyzModem.o)
 .v4_bx         0x33fabc10        0x0 board/sun/smdk2440a/libsmdk2440a.a(smdk2440a.o)
 .v4_bx         0x33fabc10        0x0 board/sun/smdk2440a/libsmdk2440a.a(flash.o)
 .v4_bx         0x33fabc10        0x0 lib_generic/libgeneric.a(crc16.o)
 .v4_bx         0x33fabc10        0x0 lib_generic/libgeneric.a(crc32.o)
 .v4_bx         0x33fabc10        0x0 lib_generic/libgeneric.a(ctype.o)
 .v4_bx         0x33fabc10        0x0 lib_generic/libgeneric.a(display_options.o)
 .v4_bx         0x33fabc10        0x0 lib_generic/libgeneric.a(gunzip.o)
 .v4_bx         0x33fabc10        0x0 lib_generic/libgeneric.a(net_utils.o)
 .v4_bx         0x33fabc10        0x0 lib_generic/libgeneric.a(string.o)
 .v4_bx         0x33fabc10        0x0 lib_generic/libgeneric.a(time.o)
 .v4_bx         0x33fabc10        0x0 lib_generic/libgeneric.a(vsprintf.o)
 .v4_bx         0x33fabc10        0x0 lib_generic/libgeneric.a(zlib.o)
 .v4_bx         0x33fabc10        0x0 lib_generic/libgeneric.a(div64.o)
 .v4_bx         0x33fabc10        0x0 cpu/arm920t/s3c24x0/libs3c24x0.a(interrupts.o)
 .v4_bx         0x33fabc10        0x0 cpu/arm920t/s3c24x0/libs3c24x0.a(speed.o)
 .v4_bx         0x33fabc10        0x0 cpu/arm920t/s3c24x0/libs3c24x0.a(timer.o)
 .v4_bx         0x33fabc10        0x0 cpu/arm920t/s3c24x0/libs3c24x0.a(usb_ohci.o)
 .v4_bx         0x33fabc10        0x0 cpu/arm920t/s3c24x0/libs3c24x0.a(mmc.o)
 .v4_bx         0x33fabc10        0x0 lib_arm/libarm.a(bootm.o)
 .v4_bx         0x33fabc10        0x0 lib_arm/libarm.a(cache.o)
 .v4_bx         0x33fabc10        0x0 lib_arm/libarm.a(cache-cp15.o)
 .v4_bx         0x33fabc10        0x0 lib_arm/libarm.a(reset.o)
 .v4_bx         0x33fabc10        0x0 fs/fat/libfat.a(fat.o)
 .v4_bx         0x33fabc10        0x0 fs/jffs2/libjffs2.a(jffs2_1pass.o)
 .v4_bx         0x33fabc10        0x0 fs/jffs2/libjffs2.a(compr_rtime.o)
 .v4_bx         0x33fabc10        0x0 fs/jffs2/libjffs2.a(compr_rubin.o)
 .v4_bx         0x33fabc10        0x0 fs/jffs2/libjffs2.a(compr_zlib.o)
 .v4_bx         0x33fabc10        0x0 fs/jffs2/libjffs2.a(mini_inflate.o)
 .v4_bx         0x33fabc10        0x0 disk/libdisk.a(part.o)
 .v4_bx         0x33fabc10        0x0 disk/libdisk.a(part_dos.o)
 .v4_bx         0x33fabc10        0x0 drivers/mtd/nand/libnand.a(nand_util.o)
 .v4_bx         0x33fabc10        0x0 drivers/net/libnet.a(dm9000x.o)
 .v4_bx         0x33fabc10        0x0 drivers/rtc/librtc.a(date.o)
 .v4_bx         0x33fabc10        0x0 drivers/rtc/librtc.a(s3c24x0_rtc.o)
 .v4_bx         0x33fabc10        0x0 drivers/video/libvideo.a(cfb_console.o)
 .v4_bx         0x33fabc10        0x0 drivers/video/libvideo.a(s3c2410_fb.o)
 .v4_bx         0x33fabc10        0x0 drivers/video/libvideo.a(videomodes.o)
 .v4_bx         0x33fabc10        0x0 cpu/arm920t/libarm920t.a(cpu.o)
 .v4_bx         0x33fabc10        0x0 /home/u-boot-m/lib_arm/eabi_compat.o
 .v4_bx         0x33fabc10        0x0 /usr/local/arm/4.3.2/bin/../lib/gcc/arm-none-linux-gnueabi/4.3.2/armv4t/libgcc.a(_udivsi3.o)
 .v4_bx         0x33fabc10        0x0 /usr/local/arm/4.3.2/bin/../lib/gcc/arm-none-linux-gnueabi/4.3.2/armv4t/libgcc.a(_divsi3.o)
 .v4_bx         0x33fabc10        0x0 /usr/local/arm/4.3.2/bin/../lib/gcc/arm-none-linux-gnueabi/4.3.2/armv4t/libgcc.a(_lshrdi3.o)
 .v4_bx         0x33fabc10        0x0 /usr/local/arm/4.3.2/bin/../lib/gcc/arm-none-linux-gnueabi/4.3.2/armv4t/libgcc.a(_ashrdi3.o)
 .v4_bx         0x33fabc10        0x0 /usr/local/arm/4.3.2/bin/../lib/gcc/arm-none-linux-gnueabi/4.3.2/armv4t/libgcc.a(_ashldi3.o)
 .v4_bx         0x33fabc10        0x0 /usr/local/arm/4.3.2/bin/../lib/gcc/arm-none-linux-gnueabi/4.3.2/armv4t/libgcc.a(_dvmd_lnx.o)
                0x33fabc10                . = ALIGN (0x4)

.rodata         0x33fabc10     0x9ab9
 *(SORT(.rodata*))
 .rodata        0x33fabc10       0x60 drivers/mtd/nand/libnand.a(nand_base.o)
 .rodata        0x33fabc70       0x80 lib_arm/libarm.a(interrupts.o)
 .rodata        0x33fabcf0       0x18 common/libcommon.a(cmd_bootm.o)
 .rodata        0x33fabd08       0x14 common/libcommon.a(cmd_nvedit.o)
 .rodata        0x33fabd1c      0x400 lib_generic/libgeneric.a(crc32.o)
 .rodata        0x33fac11c      0x9cc lib_generic/libgeneric.a(zlib.o)
                0x33facac0                z_errmsg
 .rodata        0x33facae8       0x40 cpu/arm920t/s3c24x0/libs3c24x0.a(usb_ohci.o)
 .rodata        0x33facb28       0xc4 fs/jffs2/libjffs2.a(jffs2_1pass.o)
 .rodata        0x33facbec       0x18 disk/libdisk.a(part.o)
 .rodata        0x33facc04       0x30 drivers/rtc/librtc.a(date.o)
 .rodata        0x33facc34      0x220 drivers/video/libvideo.a(cfb_console.o)
 .rodata        0x33face54      0x224 drivers/video/libvideo.a(videomodes.o)
                0x33face54                res_mode_init
                0x33facf88                vesa_modes
 .rodata        0x33fad078      0x200 lib_generic/libgeneric.a(crc16.o)
 .rodata        0x33fad278       0x30 lib_arm/libarm.a(board.o)
                0x33fad278                version_string
 .rodata        0x33fad2a8        0x7 net/libnet.a(eth.o)
 .rodata        0x33fad2af        0x7 net/libnet.a(net.o)
 .rodata        0x33fad2b6        0x5 drivers/mtd/nand/libnand.a(nand.o)
 .rodata        0x33fad2bb      0x100 drivers/mtd/nand/libnand.a(nand_ecc.o)
 .rodata        0x33fad3bb       0x4a drivers/usb/slave/libusb_slave.a(usbsetup.o)
 .rodata        0x33fad405       0x1d common/libcommon.a(cmd_jffs2.o)
 .rodata        0x33fad422       0x21 lib_generic/libgeneric.a(vsprintf.o)
                0x33fad422                hex_asc
 .rodata        0x33fad443       0x13 fs/jffs2/libjffs2.a(mini_inflate.o)
 .rodata.str1.1
                0x33fad456       0xa9 lib_arm/libarm.a(board.o)
                                 0xab (size before relaxing)
 .rodata.str1.1
                0x33fad4ff      0x264 lib_arm/libarm.a(interrupts.o)
                                0x268 (size before relaxing)
 .rodata.str1.1
                0x33fad763       0xad net/libnet.a(eth.o)
                                 0xc7 (size before relaxing)
 .rodata.str1.1
                0x33fad810      0x20c net/libnet.a(net.o)
                                0x217 (size before relaxing)
 .rodata.str1.1
                0x33fada1c      0x193 net/libnet.a(nfs.o)
                                0x1a9 (size before relaxing)
 .rodata.str1.1
                0x33fadbaf       0x20 net/libnet.a(rarp.o)
                                 0x47 (size before relaxing)
 .rodata.str1.1
                0x33fadbcf      0x162 net/libnet.a(tftp.o)
                                0x249 (size before relaxing)
 .rodata.str1.1
                0x33fadd31      0x100 net/libnet.a(bootp.o)
                                0x13d (size before relaxing)
 .rodata.str1.1
                0x33fade31       0x78 drivers/i2c/libi2c.a(s3c24x0_i2c.o)
 .rodata.str1.1
                0x33fadea9        0xe drivers/mtd/nand/libnand.a(nand.o)
 .rodata.str1.1
                0x33fadeb7      0x2e3 drivers/mtd/nand/libnand.a(nand_base.o)
 .rodata.str1.1
                0x33fae19a      0x309 drivers/mtd/nand/libnand.a(nand_bbt.o)
 .rodata.str1.1
                0x33fae4a3      0x31f drivers/mtd/nand/libnand.a(nand_ids.o)
                                0x335 (size before relaxing)
 .rodata.str1.1
                0x33fae7c2       0x36 drivers/usb/slave/libusb_slave.a(interrupt.o)
 .rodata.str1.1
                0x33fae7f8       0x10 drivers/usb/slave/libusb_slave.a(usbout.o)
 .rodata.str1.1
                0x33fae808      0x181 drivers/usb/slave/libusb_slave.a(usbinit.o)
 .rodata.str1.1
                0x33fae989       0xaa common/libcommon.a(cmd_bdinfo.o)
                                 0xb3 (size before relaxing)
 .rodata.str1.1
                0x33faea33      0x177 common/libcommon.a(cmd_bmp.o)
                                0x184 (size before relaxing)
 .rodata.str1.1
                0x33faebaa       0xef common/libcommon.a(cmd_boot.o)
                                 0xf0 (size before relaxing)
 .rodata.str1.1
                0x33faec99      0x757 common/libcommon.a(cmd_bootm.o)
                                0x7ab (size before relaxing)
 .rodata.str1.1
                0x33faf3f0       0xdc common/libcommon.a(cmd_cache.o)
                                0x107 (size before relaxing)
 .rodata.str1.1
                0x33faf4cc       0x5c common/libcommon.a(cmd_console.o)
                                 0x61 (size before relaxing)
 .rodata.str1.1
                0x33faf528      0x175 common/libcommon.a(cmd_date.o)
                                0x17b (size before relaxing)
 .rodata.str1.1
                0x33faf69d       0x50 common/libcommon.a(cmd_echo.o)
                                 0x55 (size before relaxing)
 .rodata.str1.1
                0x33faf6ed       0xc1 common/libcommon.a(cmd_eeprom.o)
                                 0xc7 (size before relaxing)
 .rodata.str1.1
                0x33faf7ae      0x281 common/libcommon.a(cmd_elf.o)
                                0x29a (size before relaxing)
 .rodata.str1.1
                0x33fafa2f      0x396 common/libcommon.a(cmd_fat.o)
                                0x3a5 (size before relaxing)
 .rodata.str1.1
                0x33fafdc5      0x723 common/libcommon.a(cmd_flash.o)
                                0x730 (size before relaxing)
 .rodata.str1.1
                0x33fb04e8       0x9a common/libcommon.a(cmd_help.o)
                                 0x9b (size before relaxing)
 .rodata.str1.1
                0x33fb0582      0x357 common/libcommon.a(cmd_i2c.o)
                                0x387 (size before relaxing)
 .rodata.str1.1
                0x33fb08d9       0xb3 common/libcommon.a(cmd_itest.o)
                                 0xb5 (size before relaxing)
 .rodata.str1.1
                0x33fb098c      0x2bd common/libcommon.a(cmd_jffs2.o)
                                0x325 (size before relaxing)
 .rodata.str1.1
                0x33fb0c49      0x3ae common/libcommon.a(cmd_load.o)
                                0x3c8 (size before relaxing)
 .rodata.str1.1
                0x33fb0ff7      0x4f2 common/libcommon.a(cmd_mem.o)
                                0x528 (size before relaxing)
 .rodata.str1.1
                0x33fb14e9       0x5f common/libcommon.a(cmd_misc.o)
 .rodata.str1.1
                0x33fb1548       0xc0 common/libcommon.a(cmd_mmc.o)
                                 0xc7 (size before relaxing)
 .rodata.str1.1
                0x33fb1608      0x821 common/libcommon.a(cmd_nand.o)
                                0x880 (size before relaxing)
 .rodata.str1.1
                0x33fb1e29      0x1e1 common/libcommon.a(cmd_net.o)
                                0x223 (size before relaxing)
 .rodata.str1.1
                0x33fb200a      0x4e4 common/libcommon.a(cmd_nvedit.o)
                                0x541 (size before relaxing)
 .rodata.str1.1
                0x33fb24ee       0x23 common/libcommon.a(cmd_reginfo.o)
                                 0x24 (size before relaxing)
 .rodata.str1.1
                0x33fb2511      0x101 common/libcommon.a(cmd_source.o)
                                0x108 (size before relaxing)
 .rodata.str1.1
                0x33fb2612      0x82b common/libcommon.a(cmd_usb.o)
                                0x969 (size before relaxing)
 .rodata.str1.1
                0x33fb2e3d       0xa8 common/libcommon.a(cmd_usbslave.o)
                                 0xb4 (size before relaxing)
 .rodata.str1.1
                0x33fb2ee5       0x16 common/libcommon.a(cmd_version.o)
                                 0x24 (size before relaxing)
 .rodata.str1.1
                0x33fb2efb      0x17e common/libcommon.a(cmd_ximg.o)
                                0x22f (size before relaxing)
 .rodata.str1.1
                0x33fb3079       0xa3 common/libcommon.a(command.o)